Archive member included to satisfy reference by file (symbol)

/usr/lib/gcc/arm-none-eabi/10.3.1/../../../arm-none-eabi/lib/thumb/v6-m/nofp/libstdc++.a(functexcept.o)
                              CMakeFiles/openpid.dir/openpid.cpp.obj (std::__throw_logic_error(char const*))
/usr/lib/gcc/arm-none-eabi/10.3.1/../../../arm-none-eabi/lib/thumb/v6-m/nofp/libstdc++.a(snprintf_lite.o)
                              /usr/lib/gcc/arm-none-eabi/10.3.1/../../../arm-none-eabi/lib/thumb/v6-m/nofp/libstdc++.a(functexcept.o) (__gnu_cxx::__snprintf_lite(char*, unsigned int, char const*, std::__va_list))
/usr/lib/gcc/arm-none-eabi/10.3.1/../../../arm-none-eabi/lib/thumb/v6-m/nofp/libstdc++.a(string-inst.o)
                              CMakeFiles/openpid.dir/openpid.cpp.obj (std::__cxx11::basic_string<char, std::char_traits<char>, std::allocator<char> >::_M_create(unsigned int&, unsigned int))
/usr/lib/gcc/arm-none-eabi/10.3.1/../../../arm-none-eabi/lib/thumb/v6-m/nofp/libstdc++.a(bad_alloc.o)
                              /usr/lib/gcc/arm-none-eabi/10.3.1/../../../arm-none-eabi/lib/thumb/v6-m/nofp/libstdc++.a(functexcept.o) (std::bad_alloc::~bad_alloc())
/usr/lib/gcc/arm-none-eabi/10.3.1/../../../arm-none-eabi/lib/thumb/v6-m/nofp/libstdc++.a(bad_cast.o)
                              /usr/lib/gcc/arm-none-eabi/10.3.1/../../../arm-none-eabi/lib/thumb/v6-m/nofp/libstdc++.a(functexcept.o) (std::bad_cast::~bad_cast())
/usr/lib/gcc/arm-none-eabi/10.3.1/../../../arm-none-eabi/lib/thumb/v6-m/nofp/libstdc++.a(bad_typeid.o)
                              /usr/lib/gcc/arm-none-eabi/10.3.1/../../../arm-none-eabi/lib/thumb/v6-m/nofp/libstdc++.a(functexcept.o) (std::bad_typeid::~bad_typeid())
/usr/lib/gcc/arm-none-eabi/10.3.1/../../../arm-none-eabi/lib/thumb/v6-m/nofp/libstdc++.a(eh_alloc.o)
                              /usr/lib/gcc/arm-none-eabi/10.3.1/../../../arm-none-eabi/lib/thumb/v6-m/nofp/libstdc++.a(functexcept.o) (__cxa_allocate_exception)
/usr/lib/gcc/arm-none-eabi/10.3.1/../../../arm-none-eabi/lib/thumb/v6-m/nofp/libstdc++.a(eh_arm.o)
                              /usr/lib/gcc/arm-none-eabi/10.3.1/../../../arm-none-eabi/lib/thumb/v6-m/nofp/libstdc++.a(functexcept.o) (__cxa_end_cleanup)
/usr/lib/gcc/arm-none-eabi/10.3.1/../../../arm-none-eabi/lib/thumb/v6-m/nofp/libstdc++.a(eh_catch.o)
                              /usr/lib/gcc/arm-none-eabi/10.3.1/../../../arm-none-eabi/lib/thumb/v6-m/nofp/libstdc++.a(string-inst.o) (__cxa_begin_catch)
/usr/lib/gcc/arm-none-eabi/10.3.1/../../../arm-none-eabi/lib/thumb/v6-m/nofp/libstdc++.a(eh_exception.o)
                              /usr/lib/gcc/arm-none-eabi/10.3.1/../../../arm-none-eabi/lib/thumb/v6-m/nofp/libstdc++.a(bad_alloc.o) (std::exception::~exception())
/usr/lib/gcc/arm-none-eabi/10.3.1/../../../arm-none-eabi/lib/thumb/v6-m/nofp/libstdc++.a(eh_globals.o)
                              /usr/lib/gcc/arm-none-eabi/10.3.1/../../../arm-none-eabi/lib/thumb/v6-m/nofp/libstdc++.a(eh_catch.o) (__cxa_get_globals_fast)
/usr/lib/gcc/arm-none-eabi/10.3.1/../../../arm-none-eabi/lib/thumb/v6-m/nofp/libstdc++.a(eh_personality.o)
                              /usr/lib/gcc/arm-none-eabi/10.3.1/../../../arm-none-eabi/lib/thumb/v6-m/nofp/libstdc++.a(functexcept.o) (__gxx_personality_v0)
/usr/lib/gcc/arm-none-eabi/10.3.1/../../../arm-none-eabi/lib/thumb/v6-m/nofp/libstdc++.a(eh_terminate.o)
                              /usr/lib/gcc/arm-none-eabi/10.3.1/../../../arm-none-eabi/lib/thumb/v6-m/nofp/libstdc++.a(eh_alloc.o) (std::terminate())
/usr/lib/gcc/arm-none-eabi/10.3.1/../../../arm-none-eabi/lib/thumb/v6-m/nofp/libstdc++.a(eh_throw.o)
                              /usr/lib/gcc/arm-none-eabi/10.3.1/../../../arm-none-eabi/lib/thumb/v6-m/nofp/libstdc++.a(functexcept.o) (__cxa_throw)
/usr/lib/gcc/arm-none-eabi/10.3.1/../../../arm-none-eabi/lib/thumb/v6-m/nofp/libstdc++.a(eh_unex_handler.o)
                              /usr/lib/gcc/arm-none-eabi/10.3.1/../../../arm-none-eabi/lib/thumb/v6-m/nofp/libstdc++.a(eh_terminate.o) (__cxxabiv1::__unexpected_handler)
/usr/lib/gcc/arm-none-eabi/10.3.1/../../../arm-none-eabi/lib/thumb/v6-m/nofp/libstdc++.a(pure.o)
                              /usr/lib/gcc/arm-none-eabi/10.3.1/../../../arm-none-eabi/lib/thumb/v6-m/nofp/libstdc++.a(eh_exception.o) (__cxa_pure_virtual)
/usr/lib/gcc/arm-none-eabi/10.3.1/../../../arm-none-eabi/lib/thumb/v6-m/nofp/libstdc++.a(si_class_type_info.o)
                              /usr/lib/gcc/arm-none-eabi/10.3.1/../../../arm-none-eabi/lib/thumb/v6-m/nofp/libstdc++.a(bad_alloc.o) (vtable for __cxxabiv1::__si_class_type_info)
/usr/lib/gcc/arm-none-eabi/10.3.1/../../../arm-none-eabi/lib/thumb/v6-m/nofp/libstdc++.a(tinfo.o)
                              /usr/lib/gcc/arm-none-eabi/10.3.1/../../../arm-none-eabi/lib/thumb/v6-m/nofp/libstdc++.a(si_class_type_info.o) (std::type_info::__is_pointer_p() const)
/usr/lib/gcc/arm-none-eabi/10.3.1/../../../arm-none-eabi/lib/thumb/v6-m/nofp/libstdc++.a(stdexcept.o)
[...]
Memory Configuration

Name             Origin             Length             Attributes
FLASH            0x0000000010000000 0x0000000000200000 xr
RAM              0x0000000020000000 0x0000000000040000 xrw
SCRATCH_X        0x0000000020040000 0x0000000000001000 xrw
SCRATCH_Y        0x0000000020041000 0x0000000000001000 xrw
*default*        0x0000000000000000 0xffffffffffffffff

Linker script and memory map

LOAD /usr/lib/gcc/arm-none-eabi/10.3.1/thumb/v6-m/nofp/crti.o
LOAD /usr/lib/gcc/arm-none-eabi/10.3.1/thumb/v6-m/nofp/crtbegin.o
LOAD /usr/lib/gcc/arm-none-eabi/10.3.1/../../../arm-none-eabi/lib/thumb/v6-m/nofp/crt0.o

.flash_begin    0x0000000010000000        0x0
                0x0000000010000000                __flash_binary_start = .

.boot2          0x0000000010000000      0x100
                0x0000000010000000                __boot2_start__ = .
 *(.boot2)
 .boot2         0x0000000010000000      0x100 /tmp/ccB9IsdL.o
                0x0000000010000100                __boot2_end__ = .
                0x0000000000000001                ASSERT (((__boot2_end__ - __boot2_start__) == 0x100), ERROR: Pico second stage bootloader must be 256 bytes in size)

.text           0x0000000010000100     0xaaf8
                0x0000000010000100                __logical_binary_start = .
 *(.vectors)
 .vectors       0x0000000010000100       0xd4 CMakeFiles/openpid.dir/home/cmcollander/pico/pico-sdk/src/rp2_common/pico_standard_link/crt0.S.obj
                0x0000000010000100                __vectors
                0x0000000010000100                __VECTOR_TABLE
                0x00000000100001c0                isr_invalid
                0x00000000100001c0                __default_isrs_start
                0x00000000100001c2                isr_nmi
                0x00000000100001c4                isr_hardfault
                0x00000000100001c6                isr_svcall
                0x00000000100001c8                isr_pendsv
                0x00000000100001ca                isr_systick
                0x00000000100001cc                isr_irq30
                0x00000000100001cc                __unhandled_user_irq
                0x00000000100001cc                isr_irq13
                0x00000000100001cc                isr_irq27
                0x00000000100001cc                isr_irq31
                0x00000000100001cc                isr_irq5
                0x00000000100001cc                isr_irq11
                0x00000000100001cc                isr_irq23
                0x00000000100001cc                isr_irq18
                0x00000000100001cc                isr_irq28
                0x00000000100001cc                isr_irq19
                0x00000000100001cc                isr_irq0
                0x00000000100001cc                isr_irq6
                0x00000000100001cc                isr_irq22
                0x00000000100001cc                isr_irq17
                0x00000000100001cc                isr_irq14
                0x00000000100001cc                isr_irq2
                0x00000000100001cc                isr_irq10
                0x00000000100001cc                isr_irq8
                0x00000000100001cc                isr_irq24
                0x00000000100001cc                isr_irq1
                0x00000000100001cc                isr_irq7
                0x00000000100001cc                isr_irq21
                0x00000000100001cc                isr_irq20
                0x00000000100001cc                isr_irq15
                0x00000000100001cc                isr_irq25
                0x00000000100001cc                isr_irq4
                0x00000000100001cc                isr_irq16
                0x00000000100001cc                isr_irq29
                0x00000000100001cc                isr_irq26
                0x00000000100001cc                __default_isrs_end
                0x00000000100001cc                isr_irq3
                0x00000000100001cc                isr_irq12
                0x00000000100001cc                isr_irq9
                0x00000000100001d2                unhandled_user_irq_num_in_r0
 *(.binary_info_header)
 .binary_info_header
                0x00000000100001d4       0x14 CMakeFiles/openpid.dir/home/cmcollander/pico/pico-sdk/src/rp2_common/pico_standard_link/crt0.S.obj
                0x00000000100001e8                __binary_info_header_end = .
 *(.reset)
 .reset         0x00000000100001e8       0xa8 CMakeFiles/openpid.dir/home/cmcollander/pico/pico-sdk/src/rp2_common/pico_standard_link/crt0.S.obj
                0x00000000100001e8                _entry_point
                0x0000000010000266                __get_current_exception
 .reset         0x0000000010000290       0x30 CMakeFiles/openpid.dir/home/cmcollander/pico/pico-sdk/src/rp2_common/pico_standard_link/binary_info.c.obj
 *(.init)
 .init          0x00000000100002c0        0x4 /usr/lib/gcc/arm-none-eabi/10.3.1/thumb/v6-m/nofp/crti.o
                0x00000000100002c0                _init
 *(EXCLUDE_FILE(*libm.a: *libc.a:*lib_a-mem*.o *libgcc.a:) .text*)
 .text          0x00000000100002c4       0x98 /usr/lib/gcc/arm-none-eabi/10.3.1/thumb/v6-m/nofp/crtbegin.o
 .text._ZNSt7__cxx1112basic_stringIcSt11char_traitsIcESaIcEE12_M_constructIPKcEEvT_S8_St20forward_iterator_tag
                0x000000001000035c       0x5c CMakeFiles/openpid.dir/openpid.cpp.obj
                0x000000001000035c                void std::__cxx11::basic_string<char, std::char_traits<char>, std::allocator<char> >::_M_construct<char const*>(char const*, char const*, std::forward_iterator_tag)
 .text._ZNSt7__cxx1112basic_stringIcSt11char_traitsIcESaIcEE12_M_constructIPcEEvT_S7_St20forward_iterator_tag
                0x00000000100003b8       0x5c CMakeFiles/openpid.dir/openpid.cpp.obj
                0x00000000100003b8                void std::__cxx11::basic_string<char, std::char_traits<char>, std::allocator<char> >::_M_construct<char*>(char*, char*, std::forward_iterator_tag)
 .text._ZN9__gnu_cxx12__to_xstringINSt7__cxx1112basic_stringIcSt11char_traitsIcESaIcEEEcEET_PFiPT0_jPKS8_St9__va_listEjSB_z
                0x0000000010000414       0x46 CMakeFiles/openpid.dir/openpid.cpp.obj
                0x0000000010000414                std::__cxx11::basic_string<char, std::char_traits<char>, std::allocator<char> > __gnu_cxx::__to_xstring<std::__cxx11::basic_string<char, std::char_traits<char>, std::allocator<char> >, char>(int (*)(char*, unsigned int, char const*, std::__va_list), unsigned int, char const*, ...)
 *fill*         0x000000001000045a        0x2 
 .text._Z10set_screenRSt10unique_ptrI10SERLCD_I2CSt14default_deleteIS0_EE6screenRS5_R3PID
                0x000000001000045c      0x634 CMakeFiles/openpid.dir/openpid.cpp.obj
                0x000000001000045c                set_screen(std::unique_ptr<SERLCD_I2C, std::default_delete<SERLCD_I2C> >&, screen, screen&, PID&)
 .text.main     0x0000000010000a90      0x408 CMakeFiles/openpid.dir/openpid.cpp.obj
                0x0000000010000a90                main
 .text._ZN13RotaryEncoder15pio_irq_handlerEv
                0x0000000010000e98       0x30 CMakeFiles/openpid.dir/pio_rotary_encoder.cpp.obj
                0x0000000010000e98                RotaryEncoder::pio_irq_handler()
 .text._ZN13RotaryEncoderC2Ej
                0x0000000010000ec8       0xb8 CMakeFiles/openpid.dir/pio_rotary_encoder.cpp.obj
                0x0000000010000ec8                RotaryEncoder::RotaryEncoder(unsigned int)
                0x0000000010000ec8                RotaryEncoder::RotaryEncoder(unsigned int)
 .text._ZN13RotaryEncoder12set_rotationEi
                0x0000000010000f80        0xc CMakeFiles/openpid.dir/pio_rotary_encoder.cpp.obj
                0x0000000010000f80                RotaryEncoder::set_rotation(int)
 .text._ZN13RotaryEncoder12get_rotationEv
                0x0000000010000f8c        0xc CMakeFiles/openpid.dir/pio_rotary_encoder.cpp.obj
                0x0000000010000f8c                RotaryEncoder::get_rotation()
 .text._ZN10SERLCD_I2C4initEv
                0x0000000010000f98       0x4a CMakeFiles/openpid.dir/SERLCD_I2C.cpp.obj
                0x0000000010000f98                SERLCD_I2C::init()
 .text._ZN10SERLCD_I2CC2EhhhP8i2c_inst
                0x0000000010000fe2       0x24 CMakeFiles/openpid.dir/SERLCD_I2C.cpp.obj
                0x0000000010000fe2                SERLCD_I2C::SERLCD_I2C(unsigned char, unsigned char, unsigned char, i2c_inst*)
                0x0000000010000fe2                SERLCD_I2C::SERLCD_I2C(unsigned char, unsigned char, unsigned char, i2c_inst*)
 *fill*         0x0000000010001006        0x2 
 .text._ZN10SERLCD_I2C5clearEv
                0x0000000010001008       0x28 CMakeFiles/openpid.dir/SERLCD_I2C.cpp.obj
                0x0000000010001008                SERLCD_I2C::clear()
 .text._ZN10SERLCD_I2C5writeEPKhj
                0x0000000010001030       0x20 CMakeFiles/openpid.dir/SERLCD_I2C.cpp.obj
                0x0000000010001030                SERLCD_I2C::write(unsigned char const*, unsigned int)
 .text._ZN10SERLCD_I2C5printENSt7__cxx1112basic_stringIcSt11char_traitsIcESaIcEEE
                0x0000000010001050        0xe CMakeFiles/openpid.dir/SERLCD_I2C.cpp.obj
                0x0000000010001050                SERLCD_I2C::print(std::__cxx11::basic_string<char, std::char_traits<char>, std::allocator<char> >)
 .text._ZN10SERLCD_I2C9backlightEhhh
                0x000000001000105e       0x4a CMakeFiles/openpid.dir/SERLCD_I2C.cpp.obj
                0x000000001000105e                SERLCD_I2C::backlight(unsigned char, unsigned char, unsigned char)
 .text._ZN12JOYSTICK_I2CC2EhP8i2c_inst
                0x00000000100010a8       0x18 CMakeFiles/openpid.dir/JOYSTICK_I2C.cpp.obj
                0x00000000100010a8                JOYSTICK_I2C::JOYSTICK_I2C(unsigned char, i2c_inst*)
                0x00000000100010a8                JOYSTICK_I2C::JOYSTICK_I2C(unsigned char, i2c_inst*)
 .text._ZN12JOYSTICK_I2C6updateEv
                0x00000000100010c0       0x40 CMakeFiles/openpid.dir/JOYSTICK_I2C.cpp.obj
                0x00000000100010c0                JOYSTICK_I2C::update()
 .text._ZN12JOYSTICK_I2C10is_pressedEv
                0x0000000010001100        0x4 CMakeFiles/openpid.dir/JOYSTICK_I2C.cpp.obj
                0x0000000010001100                JOYSTICK_I2C::is_pressed()
 .text._ZN12JOYSTICK_I2C8is_rightEv
                0x0000000010001104       0x12 CMakeFiles/openpid.dir/JOYSTICK_I2C.cpp.obj
                0x0000000010001104                JOYSTICK_I2C::is_right()
 .text._ZN12JOYSTICK_I2C7is_leftEv
                0x0000000010001116       0x12 CMakeFiles/openpid.dir/JOYSTICK_I2C.cpp.obj
                0x0000000010001116                JOYSTICK_I2C::is_left()
 .text._ZN12JOYSTICK_I2C5is_upEv
                0x0000000010001128       0x12 CMakeFiles/openpid.dir/JOYSTICK_I2C.cpp.obj
                0x0000000010001128                JOYSTICK_I2C::is_up()
 .text._ZN12JOYSTICK_I2C7is_downEv
                0x000000001000113a       0x12 CMakeFiles/openpid.dir/JOYSTICK_I2C.cpp.obj
                0x000000001000113a                JOYSTICK_I2C::is_down()
 .text._ZN12JOYSTICK_I2C10any_actionEv
                0x000000001000114c       0x32 CMakeFiles/openpid.dir/JOYSTICK_I2C.cpp.obj
                0x000000001000114c                JOYSTICK_I2C::any_action()
 .text._ZN12JOYSTICK_I2C16wait_for_releaseEv
                0x000000001000117e       0x18 CMakeFiles/openpid.dir/JOYSTICK_I2C.cpp.obj
                0x000000001000117e                JOYSTICK_I2C::wait_for_release()
 .text._ZN3PIDC2Edddd
                0x0000000010001196       0x2a CMakeFiles/openpid.dir/pid.cpp.obj
                0x0000000010001196                PID::PID(double, double, double, double)
                0x0000000010001196                PID::PID(double, double, double, double)
 .text._ZN3PID7get_k_pEv
                0x00000000100011c0        0x6 CMakeFiles/openpid.dir/pid.cpp.obj
                0x00000000100011c0                PID::get_k_p()
 .text._ZN3PID7get_k_iEv
                0x00000000100011c6        0x6 CMakeFiles/openpid.dir/pid.cpp.obj
                0x00000000100011c6                PID::get_k_i()
 .text._ZN3PID7get_k_dEv
                0x00000000100011cc        0x6 CMakeFiles/openpid.dir/pid.cpp.obj
                0x00000000100011cc                PID::get_k_d()
 .text._ZN3PID18get_integral_limitEv
                0x00000000100011d2        0x6 CMakeFiles/openpid.dir/pid.cpp.obj
                0x00000000100011d2                PID::get_integral_limit()
 .text._ZN3PID13increment_k_pEd
                0x00000000100011d8       0x30 CMakeFiles/openpid.dir/pid.cpp.obj
                0x00000000100011d8                PID::increment_k_p(double)
 .text._ZN3PID13increment_k_iEd
                0x0000000010001208       0x30 CMakeFiles/openpid.dir/pid.cpp.obj
                0x0000000010001208                PID::increment_k_i(double)
 .text._ZN3PID13increment_k_dEd
                0x0000000010001238       0x30 CMakeFiles/openpid.dir/pid.cpp.obj
                0x0000000010001238                PID::increment_k_d(double)
 .text._ZN3PID24increment_integral_limitEd
                0x0000000010001268       0x30 CMakeFiles/openpid.dir/pid.cpp.obj
                0x0000000010001268                PID::increment_integral_limit(double)
 .text.gpio_set_function
                0x0000000010001298       0x30 CMakeFiles/openpid.dir/home/cmcollander/pico/pico-sdk/src/rp2_common/hardware_gpio/gpio.c.obj
                0x0000000010001298                gpio_set_function
 .text.gpio_set_pulls
                0x00000000100012c8       0x34 CMakeFiles/openpid.dir/home/cmcollander/pico/pico-sdk/src/rp2_common/hardware_gpio/gpio.c.obj
                0x00000000100012c8                gpio_set_pulls
 .text.hw_claim_lock
                0x00000000100012fc       0x18 CMakeFiles/openpid.dir/home/cmcollander/pico/pico-sdk/src/rp2_common/hardware_claim/claim.c.obj
                0x00000000100012fc                hw_claim_lock
 .text.hw_claim_unlock
                0x0000000010001314       0x14 CMakeFiles/openpid.dir/home/cmcollander/pico/pico-sdk/src/rp2_common/hardware_claim/claim.c.obj
                0x0000000010001314                hw_claim_unlock
 .text.hw_claim_or_assert
                0x0000000010001328       0x32 CMakeFiles/openpid.dir/home/cmcollander/pico/pico-sdk/src/rp2_common/hardware_claim/claim.c.obj
                0x0000000010001328                hw_claim_or_assert
 .text.hw_claim_unused_from_range
                0x000000001000135a       0x50 CMakeFiles/openpid.dir/home/cmcollander/pico/pico-sdk/src/rp2_common/hardware_claim/claim.c.obj
                0x000000001000135a                hw_claim_unused_from_range
 *fill*         0x00000000100013aa        0x2 
 .text.running_on_fpga
                0x00000000100013ac       0x14 CMakeFiles/openpid.dir/home/cmcollander/pico/pico-sdk/src/rp2_common/pico_platform/platform.c.obj
                0x00000000100013ac                running_on_fpga
 .text.spin_locks_reset
                0x00000000100013c0       0x20 CMakeFiles/openpid.dir/home/cmcollander/pico/pico-sdk/src/rp2_common/hardware_sync/sync.c.obj
                0x00000000100013c0                spin_locks_reset
 .text.next_striped_spin_lock_num
                0x00000000100013e0       0x1c CMakeFiles/openpid.dir/home/cmcollander/pico/pico-sdk/src/rp2_common/hardware_sync/sync.c.obj
                0x00000000100013e0                next_striped_spin_lock_num
 .text.spin_lock_claim_unused
                0x00000000100013fc       0x20 CMakeFiles/openpid.dir/home/cmcollander/pico/pico-sdk/src/rp2_common/hardware_sync/sync.c.obj
                0x00000000100013fc                spin_lock_claim_unused
 .text.set_raw_irq_handler_and_unlock
                0x000000001000141c       0x28 CMakeFiles/openpid.dir/home/cmcollander/pico/pico-sdk/src/rp2_common/hardware_irq/irq.c.obj
 .text.make_branch
                0x0000000010001444       0x48 CMakeFiles/openpid.dir/home/cmcollander/pico/pico-sdk/src/rp2_common/hardware_irq/irq.c.obj
 .text.insert_branch_and_link
                0x000000001000148c       0x40 CMakeFiles/openpid.dir/home/cmcollander/pico/pico-sdk/src/rp2_common/hardware_irq/irq.c.obj
 .text.irq_is_enabled
                0x00000000100014cc       0x18 CMakeFiles/openpid.dir/home/cmcollander/pico/pico-sdk/src/rp2_common/hardware_irq/irq.c.obj
                0x00000000100014cc                irq_is_enabled
 .text.irq_set_mask_enabled
                0x00000000100014e4       0x20 CMakeFiles/openpid.dir/home/cmcollander/pico/pico-sdk/src/rp2_common/hardware_irq/irq.c.obj
                0x00000000100014e4                irq_set_mask_enabled
 .text.irq_set_enabled
                0x0000000010001504        0xe CMakeFiles/openpid.dir/home/cmcollander/pico/pico-sdk/src/rp2_common/hardware_irq/irq.c.obj
                0x0000000010001504                irq_set_enabled
 *fill*         0x0000000010001512        0x2 
 .text.irq_set_pending
                0x0000000010001514       0x10 CMakeFiles/openpid.dir/home/cmcollander/pico/pico-sdk/src/rp2_common/hardware_irq/irq.c.obj
                0x0000000010001514                irq_set_pending
 .text.irq_get_vtable_handler
                0x0000000010001524       0x10 CMakeFiles/openpid.dir/home/cmcollander/pico/pico-sdk/src/rp2_common/hardware_irq/irq.c.obj
                0x0000000010001524                irq_get_vtable_handler
 .text.irq_has_shared_handler
                0x0000000010001534       0x24 CMakeFiles/openpid.dir/home/cmcollander/pico/pico-sdk/src/rp2_common/hardware_irq/irq.c.obj
                0x0000000010001534                irq_has_shared_handler
 .text.irq_set_exclusive_handler
                0x0000000010001558       0x54 CMakeFiles/openpid.dir/home/cmcollander/pico/pico-sdk/src/rp2_common/hardware_irq/irq.c.obj
                0x0000000010001558                irq_set_exclusive_handler
 .text.irq_add_shared_handler
                0x00000000100015ac      0x230 CMakeFiles/openpid.dir/home/cmcollander/pico/pico-sdk/src/rp2_common/hardware_irq/irq.c.obj
                0x00000000100015ac                irq_add_shared_handler
 .text.irq_remove_handler
                0x00000000100017dc      0x1a8 CMakeFiles/openpid.dir/home/cmcollander/pico/pico-sdk/src/rp2_common/hardware_irq/irq.c.obj
                0x00000000100017dc                irq_remove_handler
 .text.irq_add_tail_to_free_list
                0x0000000010001984       0xf0 CMakeFiles/openpid.dir/home/cmcollander/pico/pico-sdk/src/rp2_common/hardware_irq/irq.c.obj
                0x0000000010001984                irq_add_tail_to_free_list
 .text.irq_init_priorities
                0x0000000010001a74       0x1c CMakeFiles/openpid.dir/home/cmcollander/pico/pico-sdk/src/rp2_common/hardware_irq/irq.c.obj
                0x0000000010001a74                irq_init_priorities
 .text.user_irq_claim_unused
                0x0000000010001a90       0x30 CMakeFiles/openpid.dir/home/cmcollander/pico/pico-sdk/src/rp2_common/hardware_irq/irq.c.obj
                0x0000000010001a90                user_irq_claim_unused
 .text.lock_init
                0x0000000010001ac0       0x10 CMakeFiles/openpid.dir/home/cmcollander/pico/pico-sdk/src/common/pico_sync/lock_core.c.obj
                0x0000000010001ac0                lock_init
 .text.alarm_pool_post_alloc_init
                0x0000000010001ad0       0x40 CMakeFiles/openpid.dir/home/cmcollander/pico/pico-sdk/src/common/pico_time/time.c.obj
 .text.sleep_until_callback
                0x0000000010001b10       0x30 CMakeFiles/openpid.dir/home/cmcollander/pico/pico-sdk/src/common/pico_time/time.c.obj
 .text.timer_pool_entry_comparator
                0x0000000010001b40       0x7c CMakeFiles/openpid.dir/home/cmcollander/pico/pico-sdk/src/common/pico_time/time.c.obj
                0x0000000010001b40                timer_pool_entry_comparator
 .text.ph_add_child_node
                0x0000000010001bbc       0xa4 CMakeFiles/openpid.dir/home/cmcollander/pico/pico-sdk/src/common/pico_time/time.c.obj
 .text.ph_merge_nodes
                0x0000000010001c60       0x3e CMakeFiles/openpid.dir/home/cmcollander/pico/pico-sdk/src/common/pico_time/time.c.obj
 *fill*         0x0000000010001c9e        0x2 
 .text.add_alarm_under_lock
                0x0000000010001ca0      0x174 CMakeFiles/openpid.dir/home/cmcollander/pico/pico-sdk/src/common/pico_time/time.c.obj
 .text.alarm_pool_alarm_callback
                0x0000000010001e14      0x328 CMakeFiles/openpid.dir/home/cmcollander/pico/pico-sdk/src/common/pico_time/time.c.obj
 .text.alarm_pool_init_default
                0x000000001000213c       0x38 CMakeFiles/openpid.dir/home/cmcollander/pico/pico-sdk/src/common/pico_time/time.c.obj
                0x000000001000213c                alarm_pool_init_default
 .text.alarm_pool_get_default
                0x0000000010002174       0x2c CMakeFiles/openpid.dir/home/cmcollander/pico/pico-sdk/src/common/pico_time/time.c.obj
                0x0000000010002174                alarm_pool_get_default
 .text.alarm_pool_add_alarm_at
                0x00000000100021a0      0x170 CMakeFiles/openpid.dir/home/cmcollander/pico/pico-sdk/src/common/pico_time/time.c.obj
                0x00000000100021a0                alarm_pool_add_alarm_at
 .text.alarm_pool_cancel_alarm
                0x0000000010002310       0xf0 CMakeFiles/openpid.dir/home/cmcollander/pico/pico-sdk/src/common/pico_time/time.c.obj
                0x0000000010002310                alarm_pool_cancel_alarm
 .text.sleep_until
                0x0000000010002400       0xfc CMakeFiles/openpid.dir/home/cmcollander/pico/pico-sdk/src/common/pico_time/time.c.obj
                0x0000000010002400                sleep_until
 .text.sleep_us
                0x00000000100024fc       0x58 CMakeFiles/openpid.dir/home/cmcollander/pico/pico-sdk/src/common/pico_time/time.c.obj
                0x00000000100024fc                sleep_us
 .text.sleep_ms
                0x0000000010002554       0x14 CMakeFiles/openpid.dir/home/cmcollander/pico/pico-sdk/src/common/pico_time/time.c.obj
                0x0000000010002554                sleep_ms
 .text.best_effort_wfe_or_timeout
                0x0000000010002568       0x80 CMakeFiles/openpid.dir/home/cmcollander/pico/pico-sdk/src/common/pico_time/time.c.obj
                0x0000000010002568                best_effort_wfe_or_timeout
 .text.hardware_alarm_irq_handler
                0x00000000100025e8       0x8c CMakeFiles/openpid.dir/home/cmcollander/pico/pico-sdk/src/rp2_common/hardware_timer/timer.c.obj
 .text.hardware_alarm_claim
                0x0000000010002674       0x18 CMakeFiles/openpid.dir/home/cmcollander/pico/pico-sdk/src/rp2_common/hardware_timer/timer.c.obj
                0x0000000010002674                hardware_alarm_claim
 .text.time_us_64
                0x000000001000268c       0x18 CMakeFiles/openpid.dir/home/cmcollander/pico/pico-sdk/src/rp2_common/hardware_timer/timer.c.obj
                0x000000001000268c                time_us_64
 .text.busy_wait_until
                0x00000000100026a4       0x28 CMakeFiles/openpid.dir/home/cmcollander/pico/pico-sdk/src/rp2_common/hardware_timer/timer.c.obj
                0x00000000100026a4                busy_wait_until
 .text.hardware_alarm_set_callback
                0x00000000100026cc       0x90 CMakeFiles/openpid.dir/home/cmcollander/pico/pico-sdk/src/rp2_common/hardware_timer/timer.c.obj
                0x00000000100026cc                hardware_alarm_set_callback
 .text.hardware_alarm_set_target
                0x000000001000275c       0xe8 CMakeFiles/openpid.dir/home/cmcollander/pico/pico-sdk/src/rp2_common/hardware_timer/timer.c.obj
                0x000000001000275c                hardware_alarm_set_target
 .text.hardware_alarm_cancel
                0x0000000010002844       0x40 CMakeFiles/openpid.dir/home/cmcollander/pico/pico-sdk/src/rp2_common/hardware_timer/timer.c.obj
                0x0000000010002844                hardware_alarm_cancel
 .text.ph_add_child_node
                0x0000000010002884       0xa4 CMakeFiles/openpid.dir/home/cmcollander/pico/pico-sdk/src/common/pico_util/pheap.c.obj
 .text.ph_merge_nodes
                0x0000000010002928       0x3e CMakeFiles/openpid.dir/home/cmcollander/pico/pico-sdk/src/common/pico_util/pheap.c.obj
 *fill*         0x0000000010002966        0x2 
 .text.ph_clear
                0x0000000010002968       0x70 CMakeFiles/openpid.dir/home/cmcollander/pico/pico-sdk/src/common/pico_util/pheap.c.obj
                0x0000000010002968                ph_clear
 .text.ph_post_alloc_init
                0x00000000100029d8        0xe CMakeFiles/openpid.dir/home/cmcollander/pico/pico-sdk/src/common/pico_util/pheap.c.obj
                0x00000000100029d8                ph_post_alloc_init
 *fill*         0x00000000100029e6        0x2 
 .text.ph_merge_two_pass
                0x00000000100029e8       0xa8 CMakeFiles/openpid.dir/home/cmcollander/pico/pico-sdk/src/common/pico_util/pheap.c.obj
                0x00000000100029e8                ph_merge_two_pass
 .text.ph_remove_any_head
                0x0000000010002a90      0x108 CMakeFiles/openpid.dir/home/cmcollander/pico/pico-sdk/src/common/pico_util/pheap.c.obj
 .text.ph_remove_head
                0x0000000010002b98       0x14 CMakeFiles/openpid.dir/home/cmcollander/pico/pico-sdk/src/common/pico_util/pheap.c.obj
                0x0000000010002b98                ph_remove_head
 .text.ph_remove_and_free_node
                0x0000000010002bac       0xf8 CMakeFiles/openpid.dir/home/cmcollander/pico/pico-sdk/src/common/pico_util/pheap.c.obj
                0x0000000010002bac                ph_remove_and_free_node
 .text.mutex_init
                0x0000000010002ca4       0x1a CMakeFiles/openpid.dir/home/cmcollander/pico/pico-sdk/src/common/pico_sync/mutex.c.obj
                0x0000000010002ca4                mutex_init
 .text.recursive_mutex_init
                0x0000000010002cbe       0x1e CMakeFiles/openpid.dir/home/cmcollander/pico/pico-sdk/src/common/pico_sync/mutex.c.obj
                0x0000000010002cbe                recursive_mutex_init
 .text.critical_section_init_with_lock_num
                0x0000000010002cdc       0x14 CMakeFiles/openpid.dir/home/cmcollander/pico/pico-sdk/src/common/pico_sync/critical_section.c.obj
                0x0000000010002cdc                critical_section_init_with_lock_num
 .text.critical_section_init
                0x0000000010002cf0       0x14 CMakeFiles/openpid.dir/home/cmcollander/pico/pico-sdk/src/common/pico_sync/critical_section.c.obj
                0x0000000010002cf0                critical_section_init
 .text._exit    0x0000000010002d04        0x4 CMakeFiles/openpid.dir/home/cmcollander/pico/pico-sdk/src/rp2_common/pico_runtime/runtime.c.obj
                0x0000000010002d04                _exit
 .text._sbrk    0x0000000010002d08       0x38 CMakeFiles/openpid.dir/home/cmcollander/pico/pico-sdk/src/rp2_common/pico_runtime/runtime.c.obj
                0x0000000010002d08                _sbrk
 .text.exit     0x0000000010002d40        0x6 CMakeFiles/openpid.dir/home/cmcollander/pico/pico-sdk/src/rp2_common/pico_runtime/runtime.c.obj
                0x0000000010002d40                exit
 *fill*         0x0000000010002d46        0x2 
 .text.__assert_func
                0x0000000010002d48       0x3c CMakeFiles/openpid.dir/home/cmcollander/pico/pico-sdk/src/rp2_common/pico_runtime/runtime.c.obj
                0x0000000010002d48                __assert_func
 .text.runtime_init
                0x0000000010002d84       0xf8 CMakeFiles/openpid.dir/home/cmcollander/pico/pico-sdk/src/rp2_common/pico_runtime/runtime.c.obj
                0x0000000010002d84                runtime_init
 .text.panic    0x0000000010002e7c       0x30 CMakeFiles/openpid.dir/home/cmcollander/pico/pico-sdk/src/rp2_common/pico_runtime/runtime.c.obj
                0x0000000010002e7c                panic
 .text.clock_configure
                0x0000000010002eac      0x104 CMakeFiles/openpid.dir/home/cmcollander/pico/pico-sdk/src/rp2_common/hardware_clocks/clocks.c.obj
                0x0000000010002eac                clock_configure
 .text.clocks_init
                0x0000000010002fb0      0x100 CMakeFiles/openpid.dir/home/cmcollander/pico/pico-sdk/src/rp2_common/hardware_clocks/clocks.c.obj
                0x0000000010002fb0                clocks_init
 .text.clock_get_hz
                0x00000000100030b0        0xc CMakeFiles/openpid.dir/home/cmcollander/pico/pico-sdk/src/rp2_common/hardware_clocks/clocks.c.obj
                0x00000000100030b0                clock_get_hz
 .text.pll_init
                0x00000000100030bc      0x140 CMakeFiles/openpid.dir/home/cmcollander/pico/pico-sdk/src/rp2_common/hardware_pll/pll.c.obj
                0x00000000100030bc                pll_init
 .text.watchdog_start_tick
                0x00000000100031fc       0x10 CMakeFiles/openpid.dir/home/cmcollander/pico/pico-sdk/src/rp2_common/hardware_watchdog/watchdog.c.obj
                0x00000000100031fc                watchdog_start_tick
 .text.watchdog_update
                0x000000001000320c       0x14 CMakeFiles/openpid.dir/home/cmcollander/pico/pico-sdk/src/rp2_common/hardware_watchdog/watchdog.c.obj
                0x000000001000320c                watchdog_update
 .text._watchdog_enable
                0x0000000010003220       0x78 CMakeFiles/openpid.dir/home/cmcollander/pico/pico-sdk/src/rp2_common/hardware_watchdog/watchdog.c.obj
                0x0000000010003220                _watchdog_enable
 .text.watchdog_reboot
                0x0000000010003298       0x48 CMakeFiles/openpid.dir/home/cmcollander/pico/pico-sdk/src/rp2_common/hardware_watchdog/watchdog.c.obj
                0x0000000010003298                watchdog_reboot
 .text.xosc_init
                0x00000000100032e0       0x28 CMakeFiles/openpid.dir/home/cmcollander/pico/pico-sdk/src/rp2_common/hardware_xosc/xosc.c.obj
                0x00000000100032e0                xosc_init
 .text._out_buffer
                0x0000000010003308        0x8 CMakeFiles/openpid.dir/home/cmcollander/pico/pico-sdk/src/rp2_common/pico_printf/printf.c.obj
 .text._out_null
                0x0000000010003310        0x2 CMakeFiles/openpid.dir/home/cmcollander/pico/pico-sdk/src/rp2_common/pico_printf/printf.c.obj
 .text._out_fct
                0x0000000010003312        0xe CMakeFiles/openpid.dir/home/cmcollander/pico/pico-sdk/src/rp2_common/pico_printf/printf.c.obj
 .text._atoi    0x0000000010003320       0x24 CMakeFiles/openpid.dir/home/cmcollander/pico/pico-sdk/src/rp2_common/pico_printf/printf.c.obj
 .text._out_rev
                0x0000000010003344       0xae CMakeFiles/openpid.dir/home/cmcollander/pico/pico-sdk/src/rp2_common/pico_printf/printf.c.obj
 .text._ntoa_format
                0x00000000100033f2      0x112 CMakeFiles/openpid.dir/home/cmcollander/pico/pico-sdk/src/rp2_common/pico_printf/printf.c.obj
 .text._ntoa_long
                0x0000000010003504       0xbc CMakeFiles/openpid.dir/home/cmcollander/pico/pico-sdk/src/rp2_common/pico_printf/printf.c.obj
 .text._ntoa_long_long
                0x00000000100035c0       0xe2 CMakeFiles/openpid.dir/home/cmcollander/pico/pico-sdk/src/rp2_common/pico_printf/printf.c.obj
 *fill*         0x00000000100036a2        0x2 
 .text._etoa    0x00000000100036a4      0x414 CMakeFiles/openpid.dir/home/cmcollander/pico/pico-sdk/src/rp2_common/pico_printf/printf.c.obj
 .text._ftoa    0x0000000010003ab8      0x354 CMakeFiles/openpid.dir/home/cmcollander/pico/pico-sdk/src/rp2_common/pico_printf/printf.c.obj
 .text._vsnprintf
                0x0000000010003e0c      0x624 CMakeFiles/openpid.dir/home/cmcollander/pico/pico-sdk/src/rp2_common/pico_printf/printf.c.obj
 .text.__wrap_vsnprintf
                0x0000000010004430       0x1c CMakeFiles/openpid.dir/home/cmcollander/pico/pico-sdk/src/rp2_common/pico_printf/printf.c.obj
                0x0000000010004430                __wrap_vsnprintf
 .text.vfctprintf
                0x000000001000444c       0x20 CMakeFiles/openpid.dir/home/cmcollander/pico/pico-sdk/src/rp2_common/pico_printf/printf.c.obj
                0x000000001000444c                vfctprintf
 .text          0x000000001000446c       0x10 CMakeFiles/openpid.dir/home/cmcollander/pico/pico-sdk/src/rp2_common/pico_bit_ops/bit_ops_aeabi.S.obj
 .text.rom_func_lookup
                0x000000001000447c       0x10 CMakeFiles/openpid.dir/home/cmcollander/pico/pico-sdk/src/rp2_common/pico_bootrom/bootrom.c.obj
                0x000000001000447c                rom_func_lookup
 .text.rom_data_lookup
                0x000000001000448c       0x10 CMakeFiles/openpid.dir/home/cmcollander/pico/pico-sdk/src/rp2_common/pico_bootrom/bootrom.c.obj
                0x000000001000448c                rom_data_lookup
 .text.rom_funcs_lookup
                0x000000001000449c       0x36 CMakeFiles/openpid.dir/home/cmcollander/pico/pico-sdk/src/rp2_common/pico_bootrom/bootrom.c.obj
                0x000000001000449c                rom_funcs_lookup
 *fill*         0x00000000100044d2        0x2 
 .text.__wrap___aeabi_idiv
                0x00000000100044d4       0x50 CMakeFiles/openpid.dir/home/cmcollander/pico/pico-sdk/src/rp2_common/pico_divider/divider.S.obj
                0x00000000100044d4                __wrap___aeabi_idivmod
                0x00000000100044d4                divmod_s32s32
                0x00000000100044d4                div_s32s32
                0x00000000100044d4                __wrap___aeabi_idiv
                0x00000000100044dc                divmod_s32s32_unsafe
                0x0000000010004508                divmod_s32s32_savestate
 .text.__wrap___aeabi_uidiv
                0x0000000010004524       0x4c CMakeFiles/openpid.dir/home/cmcollander/pico/pico-sdk/src/rp2_common/pico_divider/divider.S.obj
                0x0000000010004524                __wrap___aeabi_uidiv
                0x0000000010004524                __wrap___aeabi_uidivmod
                0x0000000010004524                div_u32u32
                0x0000000010004524                divmod_u32u32
                0x000000001000452c                divmod_u32u32_unsafe
                0x0000000010004554                divmod_u32u32_savestate
 .text.__wrap___aeabi_ldiv
                0x0000000010004570      0x434 CMakeFiles/openpid.dir/home/cmcollander/pico/pico-sdk/src/rp2_common/pico_divider/divider.S.obj
                0x0000000010004570                div_s64s64
                0x0000000010004570                divmod_s64s64
                0x0000000010004570                __wrap___aeabi_ldivmod
                0x00000000100045a8                div_u64u64
                0x00000000100045a8                divmod_u64u64
                0x00000000100045a8                __wrap___aeabi_uldivmod
                0x00000000100045b8                divmod_u64u64_savestate
                0x00000000100045e0                divmod_s64s64_unsafe
                0x0000000010004668                divmod_u64u64_unsafe
 .text.__wrap___aeabi_darithmetic
                0x00000000100049a4       0x80 CMakeFiles/openpid.dir/home/cmcollander/pico/pico-sdk/src/rp2_common/pico_double/double_aeabi.S.obj
                0x00000000100049a4                __wrap___aeabi_drsub
                0x00000000100049aa                __wrap___aeabi_dsub
                0x00000000100049bc                __wrap___aeabi_dadd
                0x00000000100049ce                __wrap___aeabi_ddiv
                0x0000000010004a0a                __wrap___aeabi_dmul
 .text.__wrap___aeabi_cdcmple
                0x0000000010004a24       0x6c CMakeFiles/openpid.dir/home/cmcollander/pico/pico-sdk/src/rp2_common/pico_double/double_aeabi.S.obj
                0x0000000010004a24                __wrap___aeabi_cdrcmple
                0x0000000010004a34                __wrap___aeabi_cdcmple
                0x0000000010004a34                __wrap___aeabi_cdcmpeq
 .text.__wrap___aeabi_dcmplt
                0x0000000010004a90        0xc CMakeFiles/openpid.dir/home/cmcollander/pico/pico-sdk/src/rp2_common/pico_double/double_aeabi.S.obj
                0x0000000010004a90                __wrap___aeabi_dcmplt
 .text.__wrap___aeabi_dcmple
                0x0000000010004a9c       0x10 CMakeFiles/openpid.dir/home/cmcollander/pico/pico-sdk/src/rp2_common/pico_double/double_aeabi.S.obj
                0x0000000010004a9c                __wrap___aeabi_dcmple
 .text.__wrap___aeabi_dcmpge
                0x0000000010004aac       0x10 CMakeFiles/openpid.dir/home/cmcollander/pico/pico-sdk/src/rp2_common/pico_double/double_aeabi.S.obj
                0x0000000010004aac                __wrap___aeabi_dcmpge
 .text.__wrap___aeabi_dcmpgt
                0x0000000010004abc        0xa CMakeFiles/openpid.dir/home/cmcollander/pico/pico-sdk/src/rp2_common/pico_double/double_aeabi.S.obj
                0x0000000010004abc                __wrap___aeabi_dcmpgt
 .text.__wrap___aeabi_dcmpun
                0x0000000010004ac6       0x1c CMakeFiles/openpid.dir/home/cmcollander/pico/pico-sdk/src/rp2_common/pico_double/double_aeabi.S.obj
                0x0000000010004ac6                __wrap___aeabi_dcmpun
 *fill*         0x0000000010004ae2        0x2 
 .text.__wrap___aeabi_i2d
                0x0000000010004ae4       0x38 CMakeFiles/openpid.dir/home/cmcollander/pico/pico-sdk/src/rp2_common/pico_double/double_aeabi.S.obj
                0x0000000010004ae4                __wrap___aeabi_ui2d
                0x0000000010004aec                __wrap___aeabi_i2d
 .text.__wrap___aeabi_d2iz
                0x0000000010004b1c       0x48 CMakeFiles/openpid.dir/home/cmcollander/pico/pico-sdk/src/rp2_common/pico_double/double_aeabi.S.obj
                0x0000000010004b1c                __wrap___aeabi_d2iz
                0x0000000010004b1c                double2int_z
 .text.__wrap___aeabi_d2uiz
                0x0000000010004b64       0x18 CMakeFiles/openpid.dir/home/cmcollander/pico/pico-sdk/src/rp2_common/pico_double/double_aeabi.S.obj
                0x0000000010004b64                double2uint
                0x0000000010004b64                __wrap___aeabi_d2uiz
 .text.__aeabi_double_init
                0x0000000010004b7c       0xc8 CMakeFiles/openpid.dir/home/cmcollander/pico/pico-sdk/src/rp2_common/pico_double/double_init_rom.c.obj
                0x0000000010004b7c                __aeabi_double_init
 .text.double_table_shim_on_use_helper
                0x0000000010004c44       0x34 CMakeFiles/openpid.dir/home/cmcollander/pico/pico-sdk/src/rp2_common/pico_double/double_v1_rom_shim.S.obj
                0x0000000010004c44                double_table_shim_on_use_helper
 .text.__wrap___aeabi_dsub
                0x0000000010004c78       0x10 CMakeFiles/openpid.dir/home/cmcollander/pico/pico-sdk/src/rp2_common/pico_double/double_v1_rom_shim.S.obj
                0x0000000010004c78                drsub_shim
                0x0000000010004c7e                dsub_shim
 .text.dadd_shim
                0x0000000010004c88      0x15c CMakeFiles/openpid.dir/home/cmcollander/pico/pico-sdk/src/rp2_common/pico_double/double_v1_rom_shim.S.obj
                0x0000000010004c88                dadd_shim
 .text.dmul_shim
                0x0000000010004de4      0x15c CMakeFiles/openpid.dir/home/cmcollander/pico/pico-sdk/src/rp2_common/pico_double/double_v1_rom_shim.S.obj
                0x0000000010004de4                dmul_shim
 .text.ddiv_shim
                0x0000000010004f40      0x1b0 CMakeFiles/openpid.dir/home/cmcollander/pico/pico-sdk/src/rp2_common/pico_double/double_v1_rom_shim.S.obj
                0x0000000010004f40                ddiv_shim
 .text.double2uint_shim
                0x00000000100050f0        0xe CMakeFiles/openpid.dir/home/cmcollander/pico/pico-sdk/src/rp2_common/pico_double/double_v1_rom_shim.S.obj
                0x00000000100050f0                double2uint_shim
                0x00000000100050f2                double2ufix_shim
 *fill*         0x00000000100050fe        0x2 
 .text.double2uint64_shim
                0x0000000010005100       0x70 CMakeFiles/openpid.dir/home/cmcollander/pico/pico-sdk/src/rp2_common/pico_double/double_v1_rom_shim.S.obj
                0x0000000010005100                double2uint64_shim
                0x0000000010005102                double2ufix64_shim
                0x0000000010005122                d2fix_a
 .text.dunpacks
                0x0000000010005170       0x3c CMakeFiles/openpid.dir/home/cmcollander/pico/pico-sdk/src/rp2_common/pico_double/double_v1_rom_shim.S.obj
                0x0000000010005170                dunpacks
 .text.__aeabi_lmul
                0x00000000100051ac       0x32 CMakeFiles/openpid.dir/home/cmcollander/pico/pico-sdk/src/rp2_common/pico_int64_ops/pico_int64_ops_aeabi.S.obj
                0x00000000100051ac                __wrap___aeabi_lmul
 *fill*         0x00000000100051de        0x2 
 .text.__aeabi_float_init
                0x00000000100051e0       0xfc CMakeFiles/openpid.dir/home/cmcollander/pico/pico-sdk/src/rp2_common/pico_float/float_init_rom.c.obj
                0x00000000100051e0                __aeabi_float_init
 .text.float_table_shim_on_use_helper
                0x00000000100052dc       0x34 CMakeFiles/openpid.dir/home/cmcollander/pico/pico-sdk/src/rp2_common/pico_float/float_v1_rom_shim.S.obj
                0x00000000100052dc                float_table_shim_on_use_helper
 .text.__wrap_malloc
                0x0000000010005310       0x24 CMakeFiles/openpid.dir/home/cmcollander/pico/pico-sdk/src/rp2_common/pico_malloc/pico_malloc.c.obj
                0x0000000010005310                __wrap_malloc
 .text.__wrap_free
                0x0000000010005334        0x8 CMakeFiles/openpid.dir/home/cmcollander/pico/pico-sdk/src/rp2_common/pico_malloc/pico_malloc.c.obj
                0x0000000010005334                __wrap_free
 .text          0x000000001000533c       0x10 CMakeFiles/openpid.dir/home/cmcollander/pico/pico-sdk/src/rp2_common/pico_mem_ops/mem_ops_aeabi.S.obj
                0x000000001000533c                __aeabi_mem_init
 .text.memset   0x000000001000534c        0xc CMakeFiles/openpid.dir/home/cmcollander/pico/pico-sdk/src/rp2_common/pico_mem_ops/mem_ops_aeabi.S.obj
                0x000000001000534c                __wrap_memset
 .text.memcpy   0x0000000010005358        0xc CMakeFiles/openpid.dir/home/cmcollander/pico/pico-sdk/src/rp2_common/pico_mem_ops/mem_ops_aeabi.S.obj
                0x0000000010005358                __wrap___aeabi_memcpy
                0x0000000010005358                __wrap_memcpy
 .text._Znwj    0x0000000010005364        0x8 CMakeFiles/openpid.dir/home/cmcollander/pico/pico-sdk/src/rp2_common/pico_standard_link/new_delete.cpp.obj
                0x0000000010005364                operator new(unsigned int)
 .text._ZdlPv   0x000000001000536c        0x8 CMakeFiles/openpid.dir/home/cmcollander/pico/pico-sdk/src/rp2_common/pico_standard_link/new_delete.cpp.obj
                0x000000001000536c                operator delete(void*)
 .text._ZdlPvj  0x0000000010005374        0x8 CMakeFiles/openpid.dir/home/cmcollander/pico/pico-sdk/src/rp2_common/pico_standard_link/new_delete.cpp.obj
                0x0000000010005374                operator delete(void*, unsigned int)
 .text.stdio_out_chars_no_crlf
                0x000000001000537c        0xe CMakeFiles/openpid.dir/home/cmcollander/pico/pico-sdk/src/rp2_common/pico_stdio/stdio.c.obj
 *fill*         0x000000001000538a        0x2 
 .text.stdio_out_chars_crlf
                0x000000001000538c       0x80 CMakeFiles/openpid.dir/home/cmcollander/pico/pico-sdk/src/rp2_common/pico_stdio/stdio.c.obj
 .text.stdio_stack_buffer_flush
                0x000000001000540c       0x44 CMakeFiles/openpid.dir/home/cmcollander/pico/pico-sdk/src/rp2_common/pico_stdio/stdio.c.obj
 .text.stdio_buffered_printer
                0x0000000010005450       0x20 CMakeFiles/openpid.dir/home/cmcollander/pico/pico-sdk/src/rp2_common/pico_stdio/stdio.c.obj
 .text.stdout_serialize_begin
                0x0000000010005470       0x30 CMakeFiles/openpid.dir/home/cmcollander/pico/pico-sdk/src/rp2_common/pico_stdio/stdio.c.obj
                0x0000000010005470                stdout_serialize_begin
 .text.stdout_serialize_end
                0x00000000100054a0       0x10 CMakeFiles/openpid.dir/home/cmcollander/pico/pico-sdk/src/rp2_common/pico_stdio/stdio.c.obj
                0x00000000100054a0                stdout_serialize_end
 .text.stdio_put_string
                0x00000000100054b0       0x98 CMakeFiles/openpid.dir/home/cmcollander/pico/pico-sdk/src/rp2_common/pico_stdio/stdio.c.obj
 .text.stdio_set_driver_enabled
                0x0000000010005548       0x2c CMakeFiles/openpid.dir/home/cmcollander/pico/pico-sdk/src/rp2_common/pico_stdio/stdio.c.obj
                0x0000000010005548                stdio_set_driver_enabled
 .text.stdio_flush
                0x0000000010005574       0x20 CMakeFiles/openpid.dir/home/cmcollander/pico/pico-sdk/src/rp2_common/pico_stdio/stdio.c.obj
                0x0000000010005574                stdio_flush
 .text.__wrap_puts
                0x0000000010005594       0x1e CMakeFiles/openpid.dir/home/cmcollander/pico/pico-sdk/src/rp2_common/pico_stdio/stdio.c.obj
                0x0000000010005594                __wrap_puts
 *fill*         0x00000000100055b2        0x2 
 .text.__wrap_vprintf
                0x00000000100055b4       0x44 CMakeFiles/openpid.dir/home/cmcollander/pico/pico-sdk/src/rp2_common/pico_stdio/stdio.c.obj
                0x00000000100055b4                __wrap_vprintf
 .text.__wrap_printf
                0x00000000100055f8       0x18 CMakeFiles/openpid.dir/home/cmcollander/pico/pico-sdk/src/rp2_common/pico_stdio/stdio.c.obj
                0x00000000100055f8                __wrap_printf
 .text.stdio_init_all
                0x0000000010005610        0x8 CMakeFiles/openpid.dir/home/cmcollander/pico/pico-sdk/src/rp2_common/pico_stdio/stdio.c.obj
                0x0000000010005610                stdio_init_all
 .text.resetd_init
                0x0000000010005618        0x2 CMakeFiles/openpid.dir/home/cmcollander/pico/pico-sdk/src/rp2_common/pico_stdio_usb/reset_interface.c.obj
 *fill*         0x000000001000561a        0x2 
 .text.resetd_reset
                0x000000001000561c        0xc CMakeFiles/openpid.dir/home/cmcollander/pico/pico-sdk/src/rp2_common/pico_stdio_usb/reset_interface.c.obj
 .text.resetd_open
                0x0000000010005628       0x34 CMakeFiles/openpid.dir/home/cmcollander/pico/pico-sdk/src/rp2_common/pico_stdio_usb/reset_interface.c.obj
 .text.resetd_xfer_cb
                0x000000001000565c        0x4 CMakeFiles/openpid.dir/home/cmcollander/pico/pico-sdk/src/rp2_common/pico_stdio_usb/reset_interface.c.obj
 .text.reset_usb_boot
                0x0000000010005660       0x18 CMakeFiles/openpid.dir/home/cmcollander/pico/pico-sdk/src/rp2_common/pico_stdio_usb/reset_interface.c.obj
 .text.resetd_control_xfer_cb
                0x0000000010005678       0x5c CMakeFiles/openpid.dir/home/cmcollander/pico/pico-sdk/src/rp2_common/pico_stdio_usb/reset_interface.c.obj
 .text.usbd_app_driver_get_cb
                0x00000000100056d4        0xc CMakeFiles/openpid.dir/home/cmcollander/pico/pico-sdk/src/rp2_common/pico_stdio_usb/reset_interface.c.obj
                0x00000000100056d4                usbd_app_driver_get_cb
 .text.tud_cdc_line_coding_cb
                0x00000000100056e0       0x28 CMakeFiles/openpid.dir/home/cmcollander/pico/pico-sdk/src/rp2_common/pico_stdio_usb/reset_interface.c.obj
                0x00000000100056e0                tud_cdc_line_coding_cb
 .text.stdio_usb_in_chars
                0x0000000010005708       0x70 CMakeFiles/openpid.dir/home/cmcollander/pico/pico-sdk/src/rp2_common/pico_stdio_usb/stdio_usb.c.obj
                0x0000000010005708                stdio_usb_in_chars
 .text.low_priority_worker_irq
                0x0000000010005778       0x20 CMakeFiles/openpid.dir/home/cmcollander/pico/pico-sdk/src/rp2_common/pico_stdio_usb/stdio_usb.c.obj
 .text.stdio_usb_out_chars
                0x0000000010005798       0xd4 CMakeFiles/openpid.dir/home/cmcollander/pico/pico-sdk/src/rp2_common/pico_stdio_usb/stdio_usb.c.obj
 .text.timer_task
                0x000000001000586c       0x40 CMakeFiles/openpid.dir/home/cmcollander/pico/pico-sdk/src/rp2_common/pico_stdio_usb/stdio_usb.c.obj
 .text.usb_irq  0x00000000100058ac       0x10 CMakeFiles/openpid.dir/home/cmcollander/pico/pico-sdk/src/rp2_common/pico_stdio_usb/stdio_usb.c.obj
 .text.stdio_usb_init
                0x00000000100058bc       0xec CMakeFiles/openpid.dir/home/cmcollander/pico/pico-sdk/src/rp2_common/pico_stdio_usb/stdio_usb.c.obj
                0x00000000100058bc                stdio_usb_init
 .text.tud_descriptor_device_cb
                0x00000000100059a8        0x8 CMakeFiles/openpid.dir/home/cmcollander/pico/pico-sdk/src/rp2_common/pico_stdio_usb/stdio_usb_descriptors.c.obj
                0x00000000100059a8                tud_descriptor_device_cb
 .text.tud_descriptor_configuration_cb
                0x00000000100059b0        0x8 CMakeFiles/openpid.dir/home/cmcollander/pico/pico-sdk/src/rp2_common/pico_stdio_usb/stdio_usb_descriptors.c.obj
                0x00000000100059b0                tud_descriptor_configuration_cb
 .text.tud_descriptor_string_cb
                0x00000000100059b8       0x6c CMakeFiles/openpid.dir/home/cmcollander/pico/pico-sdk/src/rp2_common/pico_stdio_usb/stdio_usb_descriptors.c.obj
                0x00000000100059b8                tud_descriptor_string_cb
 .text.hw_endpoint_get_by_addr
                0x0000000010005a24       0x18 CMakeFiles/openpid.dir/home/cmcollander/pico/pico-sdk/lib/tinyusb/src/portable/raspberrypi/rp2040/dcd_rp2040.c.obj
 .text.reset_ep0_pid
                0x0000000010005a3c       0x28 CMakeFiles/openpid.dir/home/cmcollander/pico/pico-sdk/lib/tinyusb/src/portable/raspberrypi/rp2040/dcd_rp2040.c.obj
 .text._hw_endpoint_alloc
                0x0000000010005a64       0x70 CMakeFiles/openpid.dir/home/cmcollander/pico/pico-sdk/lib/tinyusb/src/portable/raspberrypi/rp2040/dcd_rp2040.c.obj
 .text.hw_endpoint_init
                0x0000000010005ad4       0x88 CMakeFiles/openpid.dir/home/cmcollander/pico/pico-sdk/lib/tinyusb/src/portable/raspberrypi/rp2040/dcd_rp2040.c.obj
 .text.reset_non_control_endpoints
                0x0000000010005b5c       0x40 CMakeFiles/openpid.dir/home/cmcollander/pico/pico-sdk/lib/tinyusb/src/portable/raspberrypi/rp2040/dcd_rp2040.c.obj
 .text.hw_handle_buff_status
                0x0000000010005b9c       0x8c CMakeFiles/openpid.dir/home/cmcollander/pico/pico-sdk/lib/tinyusb/src/portable/raspberrypi/rp2040/dcd_rp2040.c.obj
 .text.dcd_rp2040_irq
                0x0000000010005c28       0xc0 CMakeFiles/openpid.dir/home/cmcollander/pico/pico-sdk/lib/tinyusb/src/portable/raspberrypi/rp2040/dcd_rp2040.c.obj
 .text.hw_endpoint_xfer
                0x0000000010005ce8       0x14 CMakeFiles/openpid.dir/home/cmcollander/pico/pico-sdk/lib/tinyusb/src/portable/raspberrypi/rp2040/dcd_rp2040.c.obj
 .text.dcd_int_enable
                0x0000000010005cfc       0x2c CMakeFiles/openpid.dir/home/cmcollander/pico/pico-sdk/lib/tinyusb/src/portable/raspberrypi/rp2040/dcd_rp2040.c.obj
                0x0000000010005cfc                dcd_int_enable
 .text.dcd_set_address
                0x0000000010005d28       0x2c CMakeFiles/openpid.dir/home/cmcollander/pico/pico-sdk/lib/tinyusb/src/portable/raspberrypi/rp2040/dcd_rp2040.c.obj
                0x0000000010005d28                dcd_set_address
 .text.dcd_connect
                0x0000000010005d54       0x10 CMakeFiles/openpid.dir/home/cmcollander/pico/pico-sdk/lib/tinyusb/src/portable/raspberrypi/rp2040/dcd_rp2040.c.obj
                0x0000000010005d54                dcd_connect
 .text.dcd_init
                0x0000000010005d64       0x7c CMakeFiles/openpid.dir/home/cmcollander/pico/pico-sdk/lib/tinyusb/src/portable/raspberrypi/rp2040/dcd_rp2040.c.obj
                0x0000000010005d64                dcd_init
 .text.dcd_edpt0_status_complete
                0x0000000010005de0       0x1c CMakeFiles/openpid.dir/home/cmcollander/pico/pico-sdk/lib/tinyusb/src/portable/raspberrypi/rp2040/dcd_rp2040.c.obj
                0x0000000010005de0                dcd_edpt0_status_complete
 .text.dcd_edpt_open
                0x0000000010005dfc       0x40 CMakeFiles/openpid.dir/home/cmcollander/pico/pico-sdk/lib/tinyusb/src/portable/raspberrypi/rp2040/dcd_rp2040.c.obj
                0x0000000010005dfc                dcd_edpt_open
 .text.dcd_edpt_close_all
                0x0000000010005e3c        0x8 CMakeFiles/openpid.dir/home/cmcollander/pico/pico-sdk/lib/tinyusb/src/portable/raspberrypi/rp2040/dcd_rp2040.c.obj
                0x0000000010005e3c                dcd_edpt_close_all
 .text.dcd_edpt_xfer
                0x0000000010005e44       0x30 CMakeFiles/openpid.dir/home/cmcollander/pico/pico-sdk/lib/tinyusb/src/portable/raspberrypi/rp2040/dcd_rp2040.c.obj
                0x0000000010005e44                dcd_edpt_xfer
 .text.dcd_edpt_stall
                0x0000000010005e74       0x2c CMakeFiles/openpid.dir/home/cmcollander/pico/pico-sdk/lib/tinyusb/src/portable/raspberrypi/rp2040/dcd_rp2040.c.obj
                0x0000000010005e74                dcd_edpt_stall
 .text.dcd_edpt_clear_stall
                0x0000000010005ea0       0x20 CMakeFiles/openpid.dir/home/cmcollander/pico/pico-sdk/lib/tinyusb/src/portable/raspberrypi/rp2040/dcd_rp2040.c.obj
                0x0000000010005ea0                dcd_edpt_clear_stall
 .text.prepare_ep_buffer
                0x0000000010005ec0       0x70 CMakeFiles/openpid.dir/home/cmcollander/pico/pico-sdk/lib/tinyusb/src/portable/raspberrypi/rp2040/rp2040_usb.c.obj
 .text.sync_ep_buffer
                0x0000000010005f30       0x7c CMakeFiles/openpid.dir/home/cmcollander/pico/pico-sdk/lib/tinyusb/src/portable/raspberrypi/rp2040/rp2040_usb.c.obj
 .text._hw_endpoint_xfer_sync
                0x0000000010005fac       0x28 CMakeFiles/openpid.dir/home/cmcollander/pico/pico-sdk/lib/tinyusb/src/portable/raspberrypi/rp2040/rp2040_usb.c.obj
 .text.rp2040_usb_init
                0x0000000010005fd4       0x4c CMakeFiles/openpid.dir/home/cmcollander/pico/pico-sdk/lib/tinyusb/src/portable/raspberrypi/rp2040/rp2040_usb.c.obj
                0x0000000010005fd4                rp2040_usb_init
 .text.hw_endpoint_reset_transfer
                0x0000000010006020        0xc CMakeFiles/openpid.dir/home/cmcollander/pico/pico-sdk/lib/tinyusb/src/portable/raspberrypi/rp2040/rp2040_usb.c.obj
                0x0000000010006020                hw_endpoint_reset_transfer
 .text._hw_endpoint_buffer_control_update32
                0x000000001000602c       0x58 CMakeFiles/openpid.dir/home/cmcollander/pico/pico-sdk/lib/tinyusb/src/portable/raspberrypi/rp2040/rp2040_usb.c.obj
                0x000000001000602c                _hw_endpoint_buffer_control_update32
 .text._hw_endpoint_start_next_buffer
                0x0000000010006084       0x74 CMakeFiles/openpid.dir/home/cmcollander/pico/pico-sdk/lib/tinyusb/src/portable/raspberrypi/rp2040/rp2040_usb.c.obj
 .text.hw_endpoint_xfer_start
                0x00000000100060f8       0x48 CMakeFiles/openpid.dir/home/cmcollander/pico/pico-sdk/lib/tinyusb/src/portable/raspberrypi/rp2040/rp2040_usb.c.obj
                0x00000000100060f8                hw_endpoint_xfer_start
 .text.hw_endpoint_xfer_continue
                0x0000000010006140       0x38 CMakeFiles/openpid.dir/home/cmcollander/pico/pico-sdk/lib/tinyusb/src/portable/raspberrypi/rp2040/rp2040_usb.c.obj
                0x0000000010006140                hw_endpoint_xfer_continue
 .text.configuration_reset
                0x0000000010006178       0x84 CMakeFiles/openpid.dir/home/cmcollander/pico/pico-sdk/lib/tinyusb/src/device/usbd.c.obj
 .text.usbd_reset
                0x00000000100061fc        0xc CMakeFiles/openpid.dir/home/cmcollander/pico/pico-sdk/lib/tinyusb/src/device/usbd.c.obj
 .text.invoke_class_control
                0x0000000010006208       0x1a CMakeFiles/openpid.dir/home/cmcollander/pico/pico-sdk/lib/tinyusb/src/device/usbd.c.obj
 *fill*         0x0000000010006222        0x2 
 .text.process_set_config
                0x0000000010006224      0x1b0 CMakeFiles/openpid.dir/home/cmcollander/pico/pico-sdk/lib/tinyusb/src/device/usbd.c.obj
 .text.process_get_descriptor
                0x00000000100063d4       0xec CMakeFiles/openpid.dir/home/cmcollander/pico/pico-sdk/lib/tinyusb/src/device/usbd.c.obj
 .text.tud_mounted
                0x00000000100064c0       0x10 CMakeFiles/openpid.dir/home/cmcollander/pico/pico-sdk/lib/tinyusb/src/device/usbd.c.obj
                0x00000000100064c0                tud_mounted
 .text.tud_suspended
                0x00000000100064d0       0x10 CMakeFiles/openpid.dir/home/cmcollander/pico/pico-sdk/lib/tinyusb/src/device/usbd.c.obj
                0x00000000100064d0                tud_suspended
 .text.tud_inited
                0x00000000100064e0        0xc CMakeFiles/openpid.dir/home/cmcollander/pico/pico-sdk/lib/tinyusb/src/device/usbd.c.obj
                0x00000000100064e0                tud_inited
 .text.tud_init
                0x00000000100064ec       0xcc CMakeFiles/openpid.dir/home/cmcollander/pico/pico-sdk/lib/tinyusb/src/device/usbd.c.obj
                0x00000000100064ec                tud_init
 .text.dcd_event_handler
                0x00000000100065b8      0x1e0 CMakeFiles/openpid.dir/home/cmcollander/pico/pico-sdk/lib/tinyusb/src/device/usbd.c.obj
                0x00000000100065b8                dcd_event_handler
 .text.dcd_event_bus_signal
                0x0000000010006798       0x26 CMakeFiles/openpid.dir/home/cmcollander/pico/pico-sdk/lib/tinyusb/src/device/usbd.c.obj
                0x0000000010006798                dcd_event_bus_signal
 .text.dcd_event_bus_reset
                0x00000000100067be       0x2a CMakeFiles/openpid.dir/home/cmcollander/pico/pico-sdk/lib/tinyusb/src/device/usbd.c.obj
                0x00000000100067be                dcd_event_bus_reset
 .text.dcd_event_setup_received
                0x00000000100067e8       0x34 CMakeFiles/openpid.dir/home/cmcollander/pico/pico-sdk/lib/tinyusb/src/device/usbd.c.obj
                0x00000000100067e8                dcd_event_setup_received
 .text.dcd_event_xfer_complete
                0x000000001000681c       0x44 CMakeFiles/openpid.dir/home/cmcollander/pico/pico-sdk/lib/tinyusb/src/device/usbd.c.obj
                0x000000001000681c                dcd_event_xfer_complete
 .text.usbd_edpt_open
                0x0000000010006860       0x58 CMakeFiles/openpid.dir/home/cmcollander/pico/pico-sdk/lib/tinyusb/src/device/usbd.c.obj
                0x0000000010006860                usbd_edpt_open
 .text.usbd_open_edpt_pair
                0x00000000100068b8       0x8c CMakeFiles/openpid.dir/home/cmcollander/pico/pico-sdk/lib/tinyusb/src/device/usbd.c.obj
                0x00000000100068b8                usbd_open_edpt_pair
 .text.usbd_edpt_claim
                0x0000000010006944       0x8c CMakeFiles/openpid.dir/home/cmcollander/pico/pico-sdk/lib/tinyusb/src/device/usbd.c.obj
                0x0000000010006944                usbd_edpt_claim
 .text.usbd_edpt_release
                0x00000000100069d0       0x68 CMakeFiles/openpid.dir/home/cmcollander/pico/pico-sdk/lib/tinyusb/src/device/usbd.c.obj
                0x00000000100069d0                usbd_edpt_release
 .text.usbd_edpt_xfer
                0x0000000010006a38       0x80 CMakeFiles/openpid.dir/home/cmcollander/pico/pico-sdk/lib/tinyusb/src/device/usbd.c.obj
                0x0000000010006a38                usbd_edpt_xfer
 .text.usbd_edpt_stall
                0x0000000010006ab8       0x40 CMakeFiles/openpid.dir/home/cmcollander/pico/pico-sdk/lib/tinyusb/src/device/usbd.c.obj
                0x0000000010006ab8                usbd_edpt_stall
 .text.usbd_edpt_clear_stall
                0x0000000010006af8       0x40 CMakeFiles/openpid.dir/home/cmcollander/pico/pico-sdk/lib/tinyusb/src/device/usbd.c.obj
                0x0000000010006af8                usbd_edpt_clear_stall
 .text.usbd_edpt_stalled
                0x0000000010006b38       0x1c CMakeFiles/openpid.dir/home/cmcollander/pico/pico-sdk/lib/tinyusb/src/device/usbd.c.obj
                0x0000000010006b38                usbd_edpt_stalled
 .text.process_control_request
                0x0000000010006b54      0x3b8 CMakeFiles/openpid.dir/home/cmcollander/pico/pico-sdk/lib/tinyusb/src/device/usbd.c.obj
 .text.tud_task
                0x0000000010006f0c      0x218 CMakeFiles/openpid.dir/home/cmcollander/pico/pico-sdk/lib/tinyusb/src/device/usbd.c.obj
                0x0000000010006f0c                tud_task
 .text._data_stage_xact
                0x0000000010007124       0x58 CMakeFiles/openpid.dir/home/cmcollander/pico/pico-sdk/lib/tinyusb/src/device/usbd_control.c.obj
 .text.tud_control_status
                0x000000001000717c       0x38 CMakeFiles/openpid.dir/home/cmcollander/pico/pico-sdk/lib/tinyusb/src/device/usbd_control.c.obj
                0x000000001000717c                tud_control_status
 .text.tud_control_xfer
                0x00000000100071b4       0xa8 CMakeFiles/openpid.dir/home/cmcollander/pico/pico-sdk/lib/tinyusb/src/device/usbd_control.c.obj
                0x00000000100071b4                tud_control_xfer
 .text.usbd_control_reset
                0x000000001000725c       0x14 CMakeFiles/openpid.dir/home/cmcollander/pico/pico-sdk/lib/tinyusb/src/device/usbd_control.c.obj
                0x000000001000725c                usbd_control_reset
 .text.usbd_control_set_complete_callback
                0x0000000010007270        0xc CMakeFiles/openpid.dir/home/cmcollander/pico/pico-sdk/lib/tinyusb/src/device/usbd_control.c.obj
                0x0000000010007270                usbd_control_set_complete_callback
 .text.usbd_control_set_request
                0x000000001000727c       0x1c CMakeFiles/openpid.dir/home/cmcollander/pico/pico-sdk/lib/tinyusb/src/device/usbd_control.c.obj
                0x000000001000727c                usbd_control_set_request
 .text.usbd_control_xfer_cb
                0x0000000010007298       0xfc CMakeFiles/openpid.dir/home/cmcollander/pico/pico-sdk/lib/tinyusb/src/device/usbd_control.c.obj
                0x0000000010007298                usbd_control_xfer_cb
 .text._prep_out_transaction
                0x0000000010007394       0x46 CMakeFiles/openpid.dir/home/cmcollander/pico/pico-sdk/lib/tinyusb/src/class/cdc/cdc_device.c.obj
 *fill*         0x00000000100073da        0x2 
 .text.tud_cdc_n_connected
                0x00000000100073dc       0x44 CMakeFiles/openpid.dir/home/cmcollander/pico/pico-sdk/lib/tinyusb/src/class/cdc/cdc_device.c.obj
                0x00000000100073dc                tud_cdc_n_connected
 .text.tud_cdc_n_available
                0x0000000010007420       0x18 CMakeFiles/openpid.dir/home/cmcollander/pico/pico-sdk/lib/tinyusb/src/class/cdc/cdc_device.c.obj
                0x0000000010007420                tud_cdc_n_available
 .text.tud_cdc_n_read
                0x0000000010007438       0x28 CMakeFiles/openpid.dir/home/cmcollander/pico/pico-sdk/lib/tinyusb/src/class/cdc/cdc_device.c.obj
                0x0000000010007438                tud_cdc_n_read
 .text.tud_cdc_n_write_flush
                0x0000000010007460       0xcc CMakeFiles/openpid.dir/home/cmcollander/pico/pico-sdk/lib/tinyusb/src/class/cdc/cdc_device.c.obj
                0x0000000010007460                tud_cdc_n_write_flush
 .text.tud_cdc_n_write
                0x000000001000752c       0x38 CMakeFiles/openpid.dir/home/cmcollander/pico/pico-sdk/lib/tinyusb/src/class/cdc/cdc_device.c.obj
                0x000000001000752c                tud_cdc_n_write
 .text.tud_cdc_n_write_available
                0x0000000010007564       0x1c CMakeFiles/openpid.dir/home/cmcollander/pico/pico-sdk/lib/tinyusb/src/class/cdc/cdc_device.c.obj
                0x0000000010007564                tud_cdc_n_write_available
 .text.cdcd_init
                0x0000000010007580       0xbc CMakeFiles/openpid.dir/home/cmcollander/pico/pico-sdk/lib/tinyusb/src/class/cdc/cdc_device.c.obj
                0x0000000010007580                cdcd_init
 .text.cdcd_reset
                0x000000001000763c       0x44 CMakeFiles/openpid.dir/home/cmcollander/pico/pico-sdk/lib/tinyusb/src/class/cdc/cdc_device.c.obj
                0x000000001000763c                cdcd_reset
 .text.cdcd_open
                0x0000000010007680       0xf8 CMakeFiles/openpid.dir/home/cmcollander/pico/pico-sdk/lib/tinyusb/src/class/cdc/cdc_device.c.obj
                0x0000000010007680                cdcd_open
 .text.cdcd_control_xfer_cb
                0x0000000010007778      0x134 CMakeFiles/openpid.dir/home/cmcollander/pico/pico-sdk/lib/tinyusb/src/class/cdc/cdc_device.c.obj
                0x0000000010007778                cdcd_control_xfer_cb
 .text.cdcd_xfer_cb
                0x00000000100078ac      0x144 CMakeFiles/openpid.dir/home/cmcollander/pico/pico-sdk/lib/tinyusb/src/class/cdc/cdc_device.c.obj
                0x00000000100078ac                cdcd_xfer_cb
 .text.tusb_init
                0x00000000100079f0       0x24 CMakeFiles/openpid.dir/home/cmcollander/pico/pico-sdk/lib/tinyusb/src/tusb.c.obj
                0x00000000100079f0                tusb_init
 .text.tusb_inited
                0x0000000010007a14        0xe CMakeFiles/openpid.dir/home/cmcollander/pico/pico-sdk/lib/tinyusb/src/tusb.c.obj
                0x0000000010007a14                tusb_inited
 *fill*         0x0000000010007a22        0x2 
 .text.tu_edpt_validate
                0x0000000010007a24       0xa8 CMakeFiles/openpid.dir/home/cmcollander/pico/pico-sdk/lib/tinyusb/src/tusb.c.obj
                0x0000000010007a24                tu_edpt_validate
 .text.tu_edpt_bind_driver
                0x0000000010007acc       0x2a CMakeFiles/openpid.dir/home/cmcollander/pico/pico-sdk/lib/tinyusb/src/tusb.c.obj
                0x0000000010007acc                tu_edpt_bind_driver
 .text.advance_pointer
                0x0000000010007af6       0x18 CMakeFiles/openpid.dir/home/cmcollander/pico/pico-sdk/lib/tinyusb/src/common/tusb_fifo.c.obj
 .text.backward_pointer
                0x0000000010007b0e       0x1e CMakeFiles/openpid.dir/home/cmcollander/pico/pico-sdk/lib/tinyusb/src/common/tusb_fifo.c.obj
 .text.get_relative_pointer
                0x0000000010007b2c       0x10 CMakeFiles/openpid.dir/home/cmcollander/pico/pico-sdk/lib/tinyusb/src/common/tusb_fifo.c.obj
 .text._tu_fifo_peek
                0x0000000010007b3c       0x50 CMakeFiles/openpid.dir/home/cmcollander/pico/pico-sdk/lib/tinyusb/src/common/tusb_fifo.c.obj
 .text._ff_pull_const_addr
                0x0000000010007b8c       0x4c CMakeFiles/openpid.dir/home/cmcollander/pico/pico-sdk/lib/tinyusb/src/common/tusb_fifo.c.obj
 .text._ff_pull_n
                0x0000000010007bd8      0x10c CMakeFiles/openpid.dir/home/cmcollander/pico/pico-sdk/lib/tinyusb/src/common/tusb_fifo.c.obj
 .text._tu_fifo_peek_n
                0x0000000010007ce4       0x5e CMakeFiles/openpid.dir/home/cmcollander/pico/pico-sdk/lib/tinyusb/src/common/tusb_fifo.c.obj
 .text._tu_fifo_read_n
                0x0000000010007d42       0x4e CMakeFiles/openpid.dir/home/cmcollander/pico/pico-sdk/lib/tinyusb/src/common/tusb_fifo.c.obj
 .text._ff_push_const_addr
                0x0000000010007d90       0x40 CMakeFiles/openpid.dir/home/cmcollander/pico/pico-sdk/lib/tinyusb/src/common/tusb_fifo.c.obj
 .text._ff_push_n
                0x0000000010007dd0      0x108 CMakeFiles/openpid.dir/home/cmcollander/pico/pico-sdk/lib/tinyusb/src/common/tusb_fifo.c.obj
 .text._tu_fifo_write_n
                0x0000000010007ed8       0x9e CMakeFiles/openpid.dir/home/cmcollander/pico/pico-sdk/lib/tinyusb/src/common/tusb_fifo.c.obj
 .text.tu_fifo_config
                0x0000000010007f76       0x72 CMakeFiles/openpid.dir/home/cmcollander/pico/pico-sdk/lib/tinyusb/src/common/tusb_fifo.c.obj
                0x0000000010007f76                tu_fifo_config
 .text.tu_fifo_count
                0x0000000010007fe8       0x26 CMakeFiles/openpid.dir/home/cmcollander/pico/pico-sdk/lib/tinyusb/src/common/tusb_fifo.c.obj
                0x0000000010007fe8                tu_fifo_count
 .text.tu_fifo_empty
                0x000000001000800e       0x10 CMakeFiles/openpid.dir/home/cmcollander/pico/pico-sdk/lib/tinyusb/src/common/tusb_fifo.c.obj
                0x000000001000800e                tu_fifo_empty
 .text.tu_fifo_remaining
                0x000000001000801e       0x20 CMakeFiles/openpid.dir/home/cmcollander/pico/pico-sdk/lib/tinyusb/src/common/tusb_fifo.c.obj
                0x000000001000801e                tu_fifo_remaining
 .text.tu_fifo_read
                0x000000001000803e       0x42 CMakeFiles/openpid.dir/home/cmcollander/pico/pico-sdk/lib/tinyusb/src/common/tusb_fifo.c.obj
                0x000000001000803e                tu_fifo_read
 .text.tu_fifo_read_n
                0x0000000010008080        0xa CMakeFiles/openpid.dir/home/cmcollander/pico/pico-sdk/lib/tinyusb/src/common/tusb_fifo.c.obj
                0x0000000010008080                tu_fifo_read_n
 .text.tu_fifo_write
                0x000000001000808a       0x6c CMakeFiles/openpid.dir/home/cmcollander/pico/pico-sdk/lib/tinyusb/src/common/tusb_fifo.c.obj
                0x000000001000808a                tu_fifo_write
 .text.tu_fifo_write_n
                0x00000000100080f6        0xa CMakeFiles/openpid.dir/home/cmcollander/pico/pico-sdk/lib/tinyusb/src/common/tusb_fifo.c.obj
                0x00000000100080f6                tu_fifo_write_n
 .text.tu_fifo_clear
                0x0000000010008100       0x4c CMakeFiles/openpid.dir/home/cmcollander/pico/pico-sdk/lib/tinyusb/src/common/tusb_fifo.c.obj
                0x0000000010008100                tu_fifo_clear
 .text.tu_fifo_set_overwritable
                0x000000001000814c       0x3c CMakeFiles/openpid.dir/home/cmcollander/pico/pico-sdk/lib/tinyusb/src/common/tusb_fifo.c.obj
                0x000000001000814c                tu_fifo_set_overwritable
 .text._retrieve_unique_id_on_boot
                0x0000000010008188       0x10 CMakeFiles/openpid.dir/home/cmcollander/pico/pico-sdk/src/rp2_common/pico_unique_id/unique_id.c.obj
 .text.pico_get_unique_board_id_string
                0x0000000010008198       0x60 CMakeFiles/openpid.dir/home/cmcollander/pico/pico-sdk/src/rp2_common/pico_unique_id/unique_id.c.obj
                0x0000000010008198                pico_get_unique_board_id_string
 .text.flash_get_unique_id
                0x00000000100081f8       0x46 CMakeFiles/openpid.dir/home/cmcollander/pico/pico-sdk/src/rp2_common/hardware_flash/flash.c.obj
                0x00000000100081f8                flash_get_unique_id
 *fill*         0x000000001000823e        0x2 
 .text._pio_can_add_program_at_offset
                0x0000000010008240       0x3c CMakeFiles/openpid.dir/home/cmcollander/pico/pico-sdk/src/rp2_common/hardware_pio/pio.c.obj
 .text._pio_find_offset_for_program
                0x000000001000827c       0x7c CMakeFiles/openpid.dir/home/cmcollander/pico/pico-sdk/src/rp2_common/hardware_pio/pio.c.obj
 .text._pio_add_program_at_offset
                0x00000000100082f8       0x78 CMakeFiles/openpid.dir/home/cmcollander/pico/pico-sdk/src/rp2_common/hardware_pio/pio.c.obj
 .text.pio_add_program
                0x0000000010008370       0x38 CMakeFiles/openpid.dir/home/cmcollander/pico/pico-sdk/src/rp2_common/hardware_pio/pio.c.obj
                0x0000000010008370                pio_add_program
 .text.pio_sm_init
                0x00000000100083a8       0xe4 CMakeFiles/openpid.dir/home/cmcollander/pico/pico-sdk/src/rp2_common/hardware_pio/pio.c.obj
                0x00000000100083a8                pio_sm_init
 .text.i2c_write_blocking_internal
                0x000000001000848c      0x140 CMakeFiles/openpid.dir/home/cmcollander/pico/pico-sdk/src/rp2_common/hardware_i2c/i2c.c.obj
 .text.i2c_read_blocking_internal
                0x00000000100085cc       0xe6 CMakeFiles/openpid.dir/home/cmcollander/pico/pico-sdk/src/rp2_common/hardware_i2c/i2c.c.obj
 *fill*         0x00000000100086b2        0x2 
 .text.i2c_set_baudrate
                0x00000000100086b4       0xf0 CMakeFiles/openpid.dir/home/cmcollander/pico/pico-sdk/src/rp2_common/hardware_i2c/i2c.c.obj
                0x00000000100086b4                i2c_set_baudrate
 .text.i2c_init
                0x00000000100087a4       0x58 CMakeFiles/openpid.dir/home/cmcollander/pico/pico-sdk/src/rp2_common/hardware_i2c/i2c.c.obj
                0x00000000100087a4                i2c_init
 .text.i2c_write_blocking
                0x00000000100087fc       0x18 CMakeFiles/openpid.dir/home/cmcollander/pico/pico-sdk/src/rp2_common/hardware_i2c/i2c.c.obj
                0x00000000100087fc                i2c_write_blocking
 .text.i2c_read_blocking
                0x0000000010008814       0x18 CMakeFiles/openpid.dir/home/cmcollander/pico/pico-sdk/src/rp2_common/hardware_i2c/i2c.c.obj
                0x0000000010008814                i2c_read_blocking
 .text.unlikely._ZSt17__throw_bad_allocv
                0x000000001000882c       0x20 /usr/lib/gcc/arm-none-eabi/10.3.1/../../../arm-none-eabi/lib/thumb/v6-m/nofp/libstdc++.a(functexcept.o)
                0x000000001000882c                std::__throw_bad_alloc()
 .text.unlikely._ZSt19__throw_logic_errorPKc
                0x000000001000884c       0x30 /usr/lib/gcc/arm-none-eabi/10.3.1/../../../arm-none-eabi/lib/thumb/v6-m/nofp/libstdc++.a(functexcept.o)
                0x000000001000884c                std::__throw_logic_error(char const*)
 .text.unlikely._ZSt20__throw_length_errorPKc
                0x000000001000887c       0x30 /usr/lib/gcc/arm-none-eabi/10.3.1/../../../arm-none-eabi/lib/thumb/v6-m/nofp/libstdc++.a(functexcept.o)
                0x000000001000887c                std::__throw_length_error(char const*)
 .text._ZNSt7__cxx1112basic_stringIcSt11char_traitsIcESaIcEE9_M_createERjj
                0x00000000100088ac       0x3c /usr/lib/gcc/arm-none-eabi/10.3.1/../../../arm-none-eabi/lib/thumb/v6-m/nofp/libstdc++.a(string-inst.o)
                0x00000000100088ac                std::__cxx11::basic_string<char, std::char_traits<char>, std::allocator<char> >::_M_create(unsigned int&, unsigned int)
 .text._ZNSt7__cxx1112basic_stringIcSt11char_traitsIcESaIcEE9_M_mutateEjjPKcj
                0x00000000100088e8       0xb4 /usr/lib/gcc/arm-none-eabi/10.3.1/../../../arm-none-eabi/lib/thumb/v6-m/nofp/libstdc++.a(string-inst.o)
                0x00000000100088e8                std::__cxx11::basic_string<char, std::char_traits<char>, std::allocator<char> >::_M_mutate(unsigned int, unsigned int, char const*, unsigned int)
 .text._ZNSt7__cxx1112basic_stringIcSt11char_traitsIcESaIcEE10_M_replaceEjjPKcj
                0x000000001000899c      0x188 /usr/lib/gcc/arm-none-eabi/10.3.1/../../../arm-none-eabi/lib/thumb/v6-m/nofp/libstdc++.a(string-inst.o)
                0x000000001000899c                std::__cxx11::basic_string<char, std::char_traits<char>, std::allocator<char> >::_M_replace(unsigned int, unsigned int, char const*, unsigned int)
 .text._ZNSt7__cxx1112basic_stringIcSt11char_traitsIcESaIcEE9_M_appendEPKcj
                0x0000000010008b24       0x54 /usr/lib/gcc/arm-none-eabi/10.3.1/../../../arm-none-eabi/lib/thumb/v6-m/nofp/libstdc++.a(string-inst.o)
                0x0000000010008b24                std::__cxx11::basic_string<char, std::char_traits<char>, std::allocator<char> >::_M_append(char const*, unsigned int)
 .text._ZNKSt9bad_alloc4whatEv
                0x0000000010008b78        0x8 /usr/lib/gcc/arm-none-eabi/10.3.1/../../../arm-none-eabi/lib/thumb/v6-m/nofp/libstdc++.a(bad_alloc.o)
                0x0000000010008b78                std::bad_alloc::what() const
 .text._ZNSt9bad_allocD2Ev
                0x0000000010008b80       0x18 /usr/lib/gcc/arm-none-eabi/10.3.1/../../../arm-none-eabi/lib/thumb/v6-m/nofp/libstdc++.a(bad_alloc.o)
                0x0000000010008b80                std::bad_alloc::~bad_alloc()
                0x0000000010008b80                std::bad_alloc::~bad_alloc()
 .text._ZNSt9bad_allocD0Ev
                0x0000000010008b98       0x20 /usr/lib/gcc/arm-none-eabi/10.3.1/../../../arm-none-eabi/lib/thumb/v6-m/nofp/libstdc++.a(bad_alloc.o)
                0x0000000010008b98                std::bad_alloc::~bad_alloc()
 .text._ZN12_GLOBAL__N_14pool4freeEPv.constprop.0
                0x0000000010008bb8       0x78 /usr/lib/gcc/arm-none-eabi/10.3.1/../../../arm-none-eabi/lib/thumb/v6-m/nofp/libstdc++.a(eh_alloc.o)
 .text._ZN12_GLOBAL__N_14pool8allocateEj.constprop.0
                0x0000000010008c30       0x54 /usr/lib/gcc/arm-none-eabi/10.3.1/../../../arm-none-eabi/lib/thumb/v6-m/nofp/libstdc++.a(eh_alloc.o)
 .text.__cxa_allocate_exception
                0x0000000010008c84       0x2c /usr/lib/gcc/arm-none-eabi/10.3.1/../../../arm-none-eabi/lib/thumb/v6-m/nofp/libstdc++.a(eh_alloc.o)
                0x0000000010008c84                __cxa_allocate_exception
 .text.__cxa_free_exception
                0x0000000010008cb0       0x24 /usr/lib/gcc/arm-none-eabi/10.3.1/../../../arm-none-eabi/lib/thumb/v6-m/nofp/libstdc++.a(eh_alloc.o)
                0x0000000010008cb0                __cxa_free_exception
 .text.startup._GLOBAL__sub_I__ZN9__gnu_cxx9__freeresEv
                0x0000000010008cd4       0x2c /usr/lib/gcc/arm-none-eabi/10.3.1/../../../arm-none-eabi/lib/thumb/v6-m/nofp/libstdc++.a(eh_alloc.o)
 .text.__cxa_end_cleanup
                0x0000000010008d00        0xc /usr/lib/gcc/arm-none-eabi/10.3.1/../../../arm-none-eabi/lib/thumb/v6-m/nofp/libstdc++.a(eh_arm.o)
                0x0000000010008d00                __cxa_end_cleanup
 .text.__cxa_type_match
                0x0000000010008d0c       0xc0 /usr/lib/gcc/arm-none-eabi/10.3.1/../../../arm-none-eabi/lib/thumb/v6-m/nofp/libstdc++.a(eh_arm.o)
                0x0000000010008d0c                __cxa_type_match
 .text.__cxa_begin_cleanup
                0x0000000010008dcc       0x60 /usr/lib/gcc/arm-none-eabi/10.3.1/../../../arm-none-eabi/lib/thumb/v6-m/nofp/libstdc++.a(eh_arm.o)
                0x0000000010008dcc                __cxa_begin_cleanup
 .text.__gnu_end_cleanup
                0x0000000010008e2c       0x70 /usr/lib/gcc/arm-none-eabi/10.3.1/../../../arm-none-eabi/lib/thumb/v6-m/nofp/libstdc++.a(eh_arm.o)
                0x0000000010008e2c                __gnu_end_cleanup
 .text.__cxa_begin_catch
                0x0000000010008e9c       0x74 /usr/lib/gcc/arm-none-eabi/10.3.1/../../../arm-none-eabi/lib/thumb/v6-m/nofp/libstdc++.a(eh_catch.o)
                0x0000000010008e9c                __cxa_begin_catch
 .text.__cxa_end_catch
                0x0000000010008f10       0x90 /usr/lib/gcc/arm-none-eabi/10.3.1/../../../arm-none-eabi/lib/thumb/v6-m/nofp/libstdc++.a(eh_catch.o)
                0x0000000010008f10                __cxa_end_catch
 .text._ZNSt9exceptionD2Ev
                0x0000000010008fa0        0x4 /usr/lib/gcc/arm-none-eabi/10.3.1/../../../arm-none-eabi/lib/thumb/v6-m/nofp/libstdc++.a(eh_exception.o)
                0x0000000010008fa0                std::exception::~exception()
                0x0000000010008fa0                std::exception::~exception()
 .text._ZNSt13bad_exceptionD2Ev
                0x0000000010008fa4        0x4 /usr/lib/gcc/arm-none-eabi/10.3.1/../../../arm-none-eabi/lib/thumb/v6-m/nofp/libstdc++.a(eh_exception.o)
                0x0000000010008fa4                std::bad_exception::~bad_exception()
                0x0000000010008fa4                std::bad_exception::~bad_exception()
 .text._ZNKSt13bad_exception4whatEv
                0x0000000010008fa8        0x8 /usr/lib/gcc/arm-none-eabi/10.3.1/../../../arm-none-eabi/lib/thumb/v6-m/nofp/libstdc++.a(eh_exception.o)
                0x0000000010008fa8                transaction clone for std::bad_exception::what() const
                0x0000000010008fa8                std::bad_exception::what() const
 .text._ZNSt13bad_exceptionD0Ev
                0x0000000010008fb0       0x10 /usr/lib/gcc/arm-none-eabi/10.3.1/../../../arm-none-eabi/lib/thumb/v6-m/nofp/libstdc++.a(eh_exception.o)
                0x0000000010008fb0                std::bad_exception::~bad_exception()
 .text.__cxa_get_globals_fast
                0x0000000010008fc0        0x8 /usr/lib/gcc/arm-none-eabi/10.3.1/../../../arm-none-eabi/lib/thumb/v6-m/nofp/libstdc++.a(eh_globals.o)
                0x0000000010008fc0                __cxa_get_globals_fast
 .text.__cxa_get_globals
                0x0000000010008fc8        0x8 /usr/lib/gcc/arm-none-eabi/10.3.1/../../../arm-none-eabi/lib/thumb/v6-m/nofp/libstdc++.a(eh_globals.o)
                0x0000000010008fc8                __cxa_get_globals
 .text._ZL28read_encoded_value_with_basehjPKhPj
                0x0000000010008fd0      0x114 /usr/lib/gcc/arm-none-eabi/10.3.1/../../../arm-none-eabi/lib/thumb/v6-m/nofp/libstdc++.a(eh_personality.o)
 .text._ZL21base_of_encoded_valuehP15_Unwind_Context
                0x00000000100090e4       0x48 /usr/lib/gcc/arm-none-eabi/10.3.1/../../../arm-none-eabi/lib/thumb/v6-m/nofp/libstdc++.a(eh_personality.o)
 .text._ZL17parse_lsda_headerP15_Unwind_ContextPKhP16lsda_header_info
                0x000000001000912c       0x98 /usr/lib/gcc/arm-none-eabi/10.3.1/../../../arm-none-eabi/lib/thumb/v6-m/nofp/libstdc++.a(eh_personality.o)
 .text.__gxx_personality_v0
                0x00000000100091c4      0x4c8 /usr/lib/gcc/arm-none-eabi/10.3.1/../../../arm-none-eabi/lib/thumb/v6-m/nofp/libstdc++.a(eh_personality.o)
                0x00000000100091c4                __gxx_personality_v0
 .text._ZN10__cxxabiv111__terminateEPFvvE
                0x000000001000968c       0x28 /usr/lib/gcc/arm-none-eabi/10.3.1/../../../arm-none-eabi/lib/thumb/v6-m/nofp/libstdc++.a(eh_terminate.o)
                0x000000001000968c                __cxxabiv1::__terminate(void (*)())
 .text._ZSt9terminatev
                0x00000000100096b4       0x10 /usr/lib/gcc/arm-none-eabi/10.3.1/../../../arm-none-eabi/lib/thumb/v6-m/nofp/libstdc++.a(eh_terminate.o)
                0x00000000100096b4                std::terminate()
 .text._ZN10__cxxabiv112__unexpectedEPFvvE
                0x00000000100096c4        0x8 /usr/lib/gcc/arm-none-eabi/10.3.1/../../../arm-none-eabi/lib/thumb/v6-m/nofp/libstdc++.a(eh_terminate.o)
                0x00000000100096c4                __cxxabiv1::__unexpected(void (*)())
 .text._ZSt10unexpectedv
                0x00000000100096cc       0x10 /usr/lib/gcc/arm-none-eabi/10.3.1/../../../arm-none-eabi/lib/thumb/v6-m/nofp/libstdc++.a(eh_terminate.o)
                0x00000000100096cc                std::unexpected()
 .text._ZSt13get_terminatev
                0x00000000100096dc        0xc /usr/lib/gcc/arm-none-eabi/10.3.1/../../../arm-none-eabi/lib/thumb/v6-m/nofp/libstdc++.a(eh_terminate.o)
                0x00000000100096dc                std::get_terminate()
 .text._ZSt14get_unexpectedv
                0x00000000100096e8        0xc /usr/lib/gcc/arm-none-eabi/10.3.1/../../../arm-none-eabi/lib/thumb/v6-m/nofp/libstdc++.a(eh_terminate.o)
                0x00000000100096e8                std::get_unexpected()
 .text._ZL23__gxx_exception_cleanup19_Unwind_Reason_CodeP21_Unwind_Control_Block
                0x00000000100096f4       0x34 /usr/lib/gcc/arm-none-eabi/10.3.1/../../../arm-none-eabi/lib/thumb/v6-m/nofp/libstdc++.a(eh_throw.o)
 .text.__cxa_init_primary_exception
                0x0000000010009728       0x4c /usr/lib/gcc/arm-none-eabi/10.3.1/../../../arm-none-eabi/lib/thumb/v6-m/nofp/libstdc++.a(eh_throw.o)
                0x0000000010009728                __cxa_init_primary_exception
 .text.__cxa_throw
                0x0000000010009774       0x34 /usr/lib/gcc/arm-none-eabi/10.3.1/../../../arm-none-eabi/lib/thumb/v6-m/nofp/libstdc++.a(eh_throw.o)
                0x0000000010009774                __cxa_throw
 .text.__cxa_rethrow
                0x00000000100097a8       0x70 /usr/lib/gcc/arm-none-eabi/10.3.1/../../../arm-none-eabi/lib/thumb/v6-m/nofp/libstdc++.a(eh_throw.o)
                0x00000000100097a8                __cxa_rethrow
 .text._ZN10__cxxabiv120__si_class_type_infoD2Ev
                0x0000000010009818       0x18 /usr/lib/gcc/arm-none-eabi/10.3.1/../../../arm-none-eabi/lib/thumb/v6-m/nofp/libstdc++.a(si_class_type_info.o)
                0x0000000010009818                __cxxabiv1::__si_class_type_info::~__si_class_type_info()
                0x0000000010009818                __cxxabiv1::__si_class_type_info::~__si_class_type_info()
 .text._ZN10__cxxabiv120__si_class_type_infoD0Ev
                0x0000000010009830       0x20 /usr/lib/gcc/arm-none-eabi/10.3.1/../../../arm-none-eabi/lib/thumb/v6-m/nofp/libstdc++.a(si_class_type_info.o)
                0x0000000010009830                __cxxabiv1::__si_class_type_info::~__si_class_type_info()
 .text._ZNK10__cxxabiv120__si_class_type_info20__do_find_public_srcEiPKvPKNS_17__class_type_infoES2_
                0x0000000010009850       0x38 /usr/lib/gcc/arm-none-eabi/10.3.1/../../../arm-none-eabi/lib/thumb/v6-m/nofp/libstdc++.a(si_class_type_info.o)
                0x0000000010009850                __cxxabiv1::__si_class_type_info::__do_find_public_src(int, void const*, __cxxabiv1::__class_type_info const*, void const*) const
 .text._ZNK10__cxxabiv120__si_class_type_info12__do_dyncastEiNS_17__class_type_info10__sub_kindEPKS1_PKvS4_S6_RNS1_16__dyncast_resultE
                0x0000000010009888       0x9c /usr/lib/gcc/arm-none-eabi/10.3.1/../../../arm-none-eabi/lib/thumb/v6-m/nofp/libstdc++.a(si_class_type_info.o)
                0x0000000010009888                __cxxabiv1::__si_class_type_info::__do_dyncast(int, __cxxabiv1::__class_type_info::__sub_kind, __cxxabiv1::__class_type_info const*, void const*, __cxxabiv1::__class_type_info const*, void const*, __cxxabiv1::__class_type_info::__dyncast_result&) const
 .text._ZNK10__cxxabiv120__si_class_type_info11__do_upcastEPKNS_17__class_type_infoEPKvRNS1_15__upcast_resultE
                0x0000000010009924       0x24 /usr/lib/gcc/arm-none-eabi/10.3.1/../../../arm-none-eabi/lib/thumb/v6-m/nofp/libstdc++.a(si_class_type_info.o)
                0x0000000010009924                __cxxabiv1::__si_class_type_info::__do_upcast(__cxxabiv1::__class_type_info const*, void const*, __cxxabiv1::__class_type_info::__upcast_result&) const
 .text._ZNSt9type_infoD2Ev
                0x0000000010009948        0x4 /usr/lib/gcc/arm-none-eabi/10.3.1/../../../arm-none-eabi/lib/thumb/v6-m/nofp/libstdc++.a(tinfo.o)
                0x0000000010009948                std::type_info::~type_info()
                0x0000000010009948                std::type_info::~type_info()
 .text._ZNKSt9type_info14__is_pointer_pEv
                0x000000001000994c        0x4 /usr/lib/gcc/arm-none-eabi/10.3.1/../../../arm-none-eabi/lib/thumb/v6-m/nofp/libstdc++.a(tinfo.o)
                0x000000001000994c                std::type_info::__is_function_p() const
                0x000000001000994c                std::type_info::__is_pointer_p() const
 .text._ZNKSt9type_infoeqERKS_
                0x0000000010009950       0x30 /usr/lib/gcc/arm-none-eabi/10.3.1/../../../arm-none-eabi/lib/thumb/v6-m/nofp/libstdc++.a(tinfo.o)
                0x0000000010009950                std::type_info::operator==(std::type_info const&) const
 .text._ZNKSt11logic_error4whatEv
                0x0000000010009980        0x4 /usr/lib/gcc/arm-none-eabi/10.3.1/../../../arm-none-eabi/lib/thumb/v6-m/nofp/libstdc++.a(stdexcept.o)
                0x0000000010009980                std::runtime_error::what() const
                0x0000000010009980                std::logic_error::what() const
 .text._ZNSt11logic_errorD2Ev
                0x0000000010009984       0x40 /usr/lib/gcc/arm-none-eabi/10.3.1/../../../arm-none-eabi/lib/thumb/v6-m/nofp/libstdc++.a(stdexcept.o)
                0x0000000010009984                std::logic_error::~logic_error()
                0x0000000010009984                std::logic_error::~logic_error()
 .text._ZNSt12length_errorD2Ev
                0x00000000100099c4       0x40 /usr/lib/gcc/arm-none-eabi/10.3.1/../../../arm-none-eabi/lib/thumb/v6-m/nofp/libstdc++.a(stdexcept.o)
                0x00000000100099c4                std::length_error::~length_error()
                0x00000000100099c4                std::length_error::~length_error()
 .text._ZNSt11logic_errorD0Ev
                0x0000000010009a04       0x48 /usr/lib/gcc/arm-none-eabi/10.3.1/../../../arm-none-eabi/lib/thumb/v6-m/nofp/libstdc++.a(stdexcept.o)
                0x0000000010009a04                std::logic_error::~logic_error()
 .text._ZNSt12length_errorD0Ev
                0x0000000010009a4c       0x48 /usr/lib/gcc/arm-none-eabi/10.3.1/../../../arm-none-eabi/lib/thumb/v6-m/nofp/libstdc++.a(stdexcept.o)
                0x0000000010009a4c                std::length_error::~length_error()
 .text._ZNSt11logic_errorC2EPKc
                0x0000000010009a94       0x88 /usr/lib/gcc/arm-none-eabi/10.3.1/../../../arm-none-eabi/lib/thumb/v6-m/nofp/libstdc++.a(cow-stdexcept.o)
                0x0000000010009a94                std::logic_error::logic_error(char const*)
                0x0000000010009a94                std::logic_error::logic_error(char const*)
 .text._ZNSt12length_errorC2EPKc
                0x0000000010009b1c       0x14 /usr/lib/gcc/arm-none-eabi/10.3.1/../../../arm-none-eabi/lib/thumb/v6-m/nofp/libstdc++.a(cow-stdexcept.o)
                0x0000000010009b1c                std::length_error::length_error(char const*)
                0x0000000010009b1c                std::length_error::length_error(char const*)
 .text._ZNSs4_Rep9_S_createEjjRKSaIcE
                0x0000000010009b30       0x78 /usr/lib/gcc/arm-none-eabi/10.3.1/../../../arm-none-eabi/lib/thumb/v6-m/nofp/libstdc++.a(cow-string-inst.o)
                0x0000000010009b30                std::string::_Rep::_S_create(unsigned int, unsigned int, std::allocator<char> const&)
 .text._ZNSs4_Rep10_M_destroyERKSaIcE
                0x0000000010009ba8        0x8 /usr/lib/gcc/arm-none-eabi/10.3.1/../../../arm-none-eabi/lib/thumb/v6-m/nofp/libstdc++.a(cow-string-inst.o)
                0x0000000010009ba8                std::string::_Rep::_M_destroy(std::allocator<char> const&)
 .text._ZNK10__cxxabiv117__class_type_info11__do_upcastEPKS0_PPv
                0x0000000010009bb0       0x34 /usr/lib/gcc/arm-none-eabi/10.3.1/../../../arm-none-eabi/lib/thumb/v6-m/nofp/libstdc++.a(class_type_info.o)
                0x0000000010009bb0                __cxxabiv1::__class_type_info::__do_upcast(__cxxabiv1::__class_type_info const*, void**) const
 .text._ZNK10__cxxabiv117__class_type_info20__do_find_public_srcEiPKvPKS0_S2_
                0x0000000010009be4       0x14 /usr/lib/gcc/arm-none-eabi/10.3.1/../../../arm-none-eabi/lib/thumb/v6-m/nofp/libstdc++.a(class_type_info.o)
                0x0000000010009be4                __cxxabiv1::__class_type_info::__do_find_public_src(int, void const*, __cxxabiv1::__class_type_info const*, void const*) const
 .text._ZN10__cxxabiv117__class_type_infoD2Ev
                0x0000000010009bf8       0x18 /usr/lib/gcc/arm-none-eabi/10.3.1/../../../arm-none-eabi/lib/thumb/v6-m/nofp/libstdc++.a(class_type_info.o)
                0x0000000010009bf8                __cxxabiv1::__class_type_info::~__class_type_info()
                0x0000000010009bf8                __cxxabiv1::__class_type_info::~__class_type_info()
 .text._ZN10__cxxabiv117__class_type_infoD0Ev
                0x0000000010009c10       0x20 /usr/lib/gcc/arm-none-eabi/10.3.1/../../../arm-none-eabi/lib/thumb/v6-m/nofp/libstdc++.a(class_type_info.o)
                0x0000000010009c10                __cxxabiv1::__class_type_info::~__class_type_info()
 .text._ZNK10__cxxabiv117__class_type_info12__do_dyncastEiNS0_10__sub_kindEPKS0_PKvS3_S5_RNS0_16__dyncast_resultE
                0x0000000010009c30       0x40 /usr/lib/gcc/arm-none-eabi/10.3.1/../../../arm-none-eabi/lib/thumb/v6-m/nofp/libstdc++.a(class_type_info.o)
                0x0000000010009c30                __cxxabiv1::__class_type_info::__do_dyncast(int, __cxxabiv1::__class_type_info::__sub_kind, __cxxabiv1::__class_type_info const*, void const*, __cxxabiv1::__class_type_info const*, void const*, __cxxabiv1::__class_type_info::__dyncast_result&) const
 .text._ZNK10__cxxabiv117__class_type_info11__do_upcastEPKS0_PKvRNS0_15__upcast_resultE
                0x0000000010009c70       0x1c /usr/lib/gcc/arm-none-eabi/10.3.1/../../../arm-none-eabi/lib/thumb/v6-m/nofp/libstdc++.a(class_type_info.o)
                0x0000000010009c70                __cxxabiv1::__class_type_info::__do_upcast(__cxxabiv1::__class_type_info const*, void const*, __cxxabiv1::__class_type_info::__upcast_result&) const
 .text._ZNK10__cxxabiv117__class_type_info10__do_catchEPKSt9type_infoPPvj
                0x0000000010009c8c       0x24 /usr/lib/gcc/arm-none-eabi/10.3.1/../../../arm-none-eabi/lib/thumb/v6-m/nofp/libstdc++.a(class_type_info.o)
                0x0000000010009c8c                __cxxabiv1::__class_type_info::__do_catch(std::type_info const*, void**, unsigned int) const
 .text._ZN10__cxxabiv1L24__is_gxx_exception_classEPc
                0x0000000010009cb0       0x3c /usr/lib/gcc/arm-none-eabi/10.3.1/../../../arm-none-eabi/lib/thumb/v6-m/nofp/libstdc++.a(eh_call.o)
 .text.__cxa_call_terminate
                0x0000000010009cec       0x20 /usr/lib/gcc/arm-none-eabi/10.3.1/../../../arm-none-eabi/lib/thumb/v6-m/nofp/libstdc++.a(eh_call.o)
                0x0000000010009cec                __cxa_call_terminate
 .text.unlikely.__cxa_call_unexpected
                0x0000000010009d0c      0x100 /usr/lib/gcc/arm-none-eabi/10.3.1/../../../arm-none-eabi/lib/thumb/v6-m/nofp/libstdc++.a(eh_call.o)
                0x0000000010009d0c                __cxa_call_unexpected
 .text          0x0000000010009e0c       0x10 /usr/lib/gcc/arm-none-eabi/10.3.1/../../../arm-none-eabi/lib/thumb/v6-m/nofp/libg.a(lib_a-abort.o)
                0x0000000010009e0c                abort
 .text          0x0000000010009e1c       0x28 /usr/lib/gcc/arm-none-eabi/10.3.1/../../../arm-none-eabi/lib/thumb/v6-m/nofp/libg.a(lib_a-malloc.o)
                0x0000000010009e1c                malloc
                0x0000000010009e30                free
 .text          0x0000000010009e44      0x574 /usr/lib/gcc/arm-none-eabi/10.3.1/../../../arm-none-eabi/lib/thumb/v6-m/nofp/libg.a(lib_a-mallocr.o)
                0x0000000010009e44                _malloc_r
 .text          0x000000001000a3b8       0xac /usr/lib/gcc/arm-none-eabi/10.3.1/../../../arm-none-eabi/lib/thumb/v6-m/nofp/libg.a(lib_a-memmove.o)
                0x000000001000a3b8                memmove
 .text          0x000000001000a464        0x8 /usr/lib/gcc/arm-none-eabi/10.3.1/../../../arm-none-eabi/lib/thumb/v6-m/nofp/libg.a(lib_a-mlock.o)